[2025-04-11T16:36:01.154+0800][0.005s] CardTable entry size: 512
[2025-04-11T16:36:01.154+0800][0.005s] Using G1
[2025-04-11T16:36:01.192+0800][0.043s] Version: 21+35-2513 (release)
[2025-04-11T16:36:01.192+0800][0.043s] CPUs: 8 total, 8 available
[2025-04-11T16:36:01.192+0800][0.043s] Memory: 16384M
[2025-04-11T16:36:01.192+0800][0.043s] Large Page Support: Disabled
[2025-04-11T16:36:01.192+0800][0.043s] NUMA Support: Disabled
[2025-04-11T16:36:01.192+0800][0.043s] Compressed Oops: Enabled (Zero based)
[2025-04-11T16:36:01.192+0800][0.043s] Heap Region Size: 1M
[2025-04-11T16:36:01.192+0800][0.043s] Heap Min Capacity: 512M
[2025-04-11T16:36:01.192+0800][0.043s] Heap Initial Capacity: 512M
[2025-04-11T16:36:01.192+0800][0.043s] Heap Max Capacity: 512M
[2025-04-11T16:36:01.192+0800][0.043s] Pre-touch: Enabled
[2025-04-11T16:36:01.192+0800][0.043s] Parallel Workers: 8
[2025-04-11T16:36:01.192+0800][0.043s] Concurrent Workers: 2
[2025-04-11T16:36:01.192+0800][0.043s] Concurrent Refinement Workers: 8
[2025-04-11T16:36:01.192+0800][0.043s] Periodic GC: Disabled
[2025-04-11T16:36:01.196+0800][0.047s] CDS archive(s) mapped at: [0x0000007000000000-0x0000007000ca4000-0x0000007000ca4000), size 13254656, SharedBaseAddress: 0x0000007000000000, ArchiveRelocationMode: 1.
[2025-04-11T16:36:01.196+0800][0.047s] Compressed class space mapped at: 0x0000007001000000-0x0000007041000000, reserved size: 1073741824
[2025-04-11T16:36:01.196+0800][0.047s] Narrow klass base: 0x0000007000000000, Narrow klass shift: 0, Narrow klass range: 0x100000000
[2025-04-11T16:36:01.553+0800][0.404s] GC(0) Pause Young (Normal) (G1 Evacuation Pause)
[2025-04-11T16:36:01.553+0800][0.404s] GC(0) Using 8 workers of 8 for evacuation
[2025-04-11T16:36:01.555+0800][0.406s] GC(0)   Pre Evacuate Collection Set: 0.1ms
[2025-04-11T16:36:01.555+0800][0.406s] GC(0)   Merge Heap Roots: 0.1ms
[2025-04-11T16:36:01.555+0800][0.406s] GC(0)   Evacuate Collection Set: 1.9ms
[2025-04-11T16:36:01.555+0800][0.406s] GC(0)   Post Evacuate Collection Set: 0.2ms
[2025-04-11T16:36:01.555+0800][0.406s] GC(0)   Other: 0.3ms
[2025-04-11T16:36:01.555+0800][0.406s] GC(0) Eden regions: 29->0(55)
[2025-04-11T16:36:01.555+0800][0.406s] GC(0) Survivor regions: 0->4(4)
[2025-04-11T16:36:01.555+0800][0.406s] GC(0) Old regions: 2->6
[2025-04-11T16:36:01.555+0800][0.406s] GC(0) Humongous regions: 4->4
[2025-04-11T16:36:01.555+0800][0.406s] GC(0) Metaspace: 10075K(10304K)->10075K(10304K) NonClass: 8907K(9024K)->8907K(9024K) Class: 1168K(1280K)->1168K(1280K)
[2025-04-11T16:36:01.555+0800][0.406s] GC(0) Pause Young (Normal) (G1 Evacuation Pause) 34M->12M(512M) 2.723ms
[2025-04-11T16:36:01.555+0800][0.406s] GC(0) User=0.01s Sys=0.00s Real=0.00s
[2025-04-11T16:36:01.868+0800][0.719s] GC(1) Pause Young (Normal) (G1 Evacuation Pause)
[2025-04-11T16:36:01.868+0800][0.719s] GC(1) Using 8 workers of 8 for evacuation
[2025-04-11T16:36:01.872+0800][0.723s] GC(1)   Pre Evacuate Collection Set: 0.1ms
[2025-04-11T16:36:01.872+0800][0.723s] GC(1)   Merge Heap Roots: 0.0ms
[2025-04-11T16:36:01.872+0800][0.723s] GC(1)   Evacuate Collection Set: 3.2ms
[2025-04-11T16:36:01.872+0800][0.723s] GC(1)   Post Evacuate Collection Set: 0.5ms
[2025-04-11T16:36:01.872+0800][0.723s] GC(1)   Other: 0.0ms
[2025-04-11T16:36:01.872+0800][0.723s] GC(1) Eden regions: 55->0(62)
[2025-04-11T16:36:01.872+0800][0.723s] GC(1) Survivor regions: 4->8(8)
[2025-04-11T16:36:01.872+0800][0.723s] GC(1) Old regions: 6->15
[2025-04-11T16:36:01.872+0800][0.723s] GC(1) Humongous regions: 4->4
[2025-04-11T16:36:01.872+0800][0.723s] GC(1) Metaspace: 17869K(18176K)->17869K(18176K) NonClass: 15835K(16000K)->15835K(16000K) Class: 2033K(2176K)->2033K(2176K)
[2025-04-11T16:36:01.872+0800][0.723s] GC(1) Pause Young (Normal) (G1 Evacuation Pause) 67M->25M(512M) 4.132ms
[2025-04-11T16:36:01.872+0800][0.723s] GC(1) User=0.02s Sys=0.00s Real=0.01s
[2025-04-11T16:36:01.956+0800][0.807s] GC(2) Pause Young (Concurrent Start) (Metadata GC Threshold)
[2025-04-11T16:36:01.956+0800][0.807s] GC(2) Using 8 workers of 8 for evacuation
[2025-04-11T16:36:01.958+0800][0.810s] GC(2)   Pre Evacuate Collection Set: 0.1ms
[2025-04-11T16:36:01.959+0800][0.810s] GC(2)   Merge Heap Roots: 0.1ms
[2025-04-11T16:36:01.959+0800][0.810s] GC(2)   Evacuate Collection Set: 2.2ms
[2025-04-11T16:36:01.959+0800][0.810s] GC(2)   Post Evacuate Collection Set: 0.2ms
[2025-04-11T16:36:01.959+0800][0.810s] GC(2)   Other: 0.0ms
[2025-04-11T16:36:01.959+0800][0.810s] GC(2) Eden regions: 18->0(79)
[2025-04-11T16:36:01.959+0800][0.810s] GC(2) Survivor regions: 8->1(9)
[2025-04-11T16:36:01.959+0800][0.810s] GC(2) Old regions: 15->23
[2025-04-11T16:36:01.959+0800][0.810s] GC(2) Humongous regions: 4->4
[2025-04-11T16:36:01.959+0800][0.810s] GC(2) Metaspace: 21200K(21504K)->21200K(21504K) NonClass: 18786K(18944K)->18786K(18944K) Class: 2413K(2560K)->2413K(2560K)
[2025-04-11T16:36:01.959+0800][0.810s] GC(2) Pause Young (Concurrent Start) (Metadata GC Threshold) 43M->26M(512M) 2.810ms
[2025-04-11T16:36:01.959+0800][0.810s] GC(2) User=0.01s Sys=0.00s Real=0.00s
[2025-04-11T16:36:01.959+0800][0.810s] GC(3) Concurrent Mark Cycle
[2025-04-11T16:36:01.959+0800][0.810s] GC(3) Concurrent Scan Root Regions
[2025-04-11T16:36:01.959+0800][0.810s] GC(3) Concurrent Scan Root Regions 0.699ms
[2025-04-11T16:36:01.959+0800][0.810s] GC(3) Concurrent Mark
[2025-04-11T16:36:01.959+0800][0.810s] GC(3) Concurrent Mark From Roots
[2025-04-11T16:36:01.959+0800][0.810s] GC(3) Using 2 workers of 2 for marking
[2025-04-11T16:36:01.964+0800][0.815s] GC(3) Concurrent Mark From Roots 4.941ms
[2025-04-11T16:36:01.964+0800][0.815s] GC(3) Concurrent Preclean
[2025-04-11T16:36:01.964+0800][0.815s] GC(3) Concurrent Preclean 0.025ms
[2025-04-11T16:36:01.964+0800][0.815s] GC(3) Pause Remark
[2025-04-11T16:36:01.966+0800][0.817s] GC(3) Pause Remark 27M->27M(512M) 1.210ms
[2025-04-11T16:36:01.966+0800][0.817s] GC(3) User=0.00s Sys=0.00s Real=0.00s
[2025-04-11T16:36:01.966+0800][0.817s] GC(3) Concurrent Mark 6.322ms
[2025-04-11T16:36:01.966+0800][0.817s] GC(3) Concurrent Rebuild Remembered Sets and Scrub Regions
[2025-04-11T16:36:01.969+0800][0.820s] GC(3) Concurrent Rebuild Remembered Sets and Scrub Regions 3.508ms
[2025-04-11T16:36:01.969+0800][0.820s] GC(3) Pause Cleanup
[2025-04-11T16:36:01.969+0800][0.820s] GC(3) Pause Cleanup 28M->28M(512M) 0.073ms
[2025-04-11T16:36:01.969+0800][0.820s] GC(3) User=0.00s Sys=0.00s Real=0.00s
[2025-04-11T16:36:01.969+0800][0.820s] GC(3) Concurrent Clear Claimed Marks
[2025-04-11T16:36:01.969+0800][0.820s] GC(3) Concurrent Clear Claimed Marks 0.023ms
[2025-04-11T16:36:01.969+0800][0.820s] GC(3) Concurrent Cleanup for Next Mark
[2025-04-11T16:36:01.970+0800][0.821s] GC(3) Concurrent Cleanup for Next Mark 0.419ms
[2025-04-11T16:36:01.970+0800][0.821s] GC(3) Concurrent Mark Cycle 11.222ms
[2025-04-11T16:36:02.496+0800][1.347s] GC(4) Pause Young (Prepare Mixed) (Metadata GC Threshold)
[2025-04-11T16:36:02.496+0800][1.347s] GC(4) Using 8 workers of 8 for evacuation
[2025-04-11T16:36:02.498+0800][1.349s] GC(4)   Pre Evacuate Collection Set: 0.1ms
[2025-04-11T16:36:02.498+0800][1.349s] GC(4)   Merge Heap Roots: 0.0ms
[2025-04-11T16:36:02.498+0800][1.349s] GC(4)   Evacuate Collection Set: 1.8ms
[2025-04-11T16:36:02.498+0800][1.349s] GC(4)   Post Evacuate Collection Set: 0.3ms
[2025-04-11T16:36:02.498+0800][1.349s] GC(4)   Other: 0.0ms
[2025-04-11T16:36:02.498+0800][1.349s] GC(4) Eden regions: 71->0(301)
[2025-04-11T16:36:02.498+0800][1.349s] GC(4) Survivor regions: 1->6(11)
[2025-04-11T16:36:02.498+0800][1.349s] GC(4) Old regions: 23->23
[2025-04-11T16:36:02.498+0800][1.349s] GC(4) Humongous regions: 4->4
[2025-04-11T16:36:02.498+0800][1.349s] GC(4) Metaspace: 35992K(36288K)->35992K(36288K) NonClass: 31899K(32064K)->31899K(32064K) Class: 4092K(4224K)->4092K(4224K)
[2025-04-11T16:36:02.498+0800][1.349s] GC(4) Pause Young (Prepare Mixed) (Metadata GC Threshold) 96M->31M(512M) 2.388ms
[2025-04-11T16:36:02.498+0800][1.349s] GC(4) User=0.01s Sys=0.00s Real=0.00s
[2025-04-11T16:36:02.511+0800][1.362s] GC(5) Pause Young (Mixed) (Metadata GC Threshold)
[2025-04-11T16:36:02.511+0800][1.362s] GC(5) Using 8 workers of 8 for evacuation
[2025-04-11T16:36:02.513+0800][1.364s] GC(5)   Pre Evacuate Collection Set: 0.1ms
[2025-04-11T16:36:02.513+0800][1.364s] GC(5)   Merge Heap Roots: 0.0ms
[2025-04-11T16:36:02.513+0800][1.364s] GC(5)   Evacuate Collection Set: 1.4ms
[2025-04-11T16:36:02.513+0800][1.364s] GC(5)   Post Evacuate Collection Set: 0.3ms
[2025-04-11T16:36:02.513+0800][1.364s] GC(5)   Other: 0.0ms
[2025-04-11T16:36:02.513+0800][1.364s] GC(5) Eden regions: 3->0(300)
[2025-04-11T16:36:02.513+0800][1.364s] GC(5) Survivor regions: 6->7(39)
[2025-04-11T16:36:02.513+0800][1.364s] GC(5) Old regions: 23->22
[2025-04-11T16:36:02.513+0800][1.364s] GC(5) Humongous regions: 4->4
[2025-04-11T16:36:02.513+0800][1.364s] GC(5) Metaspace: 36308K(36608K)->36308K(36608K) NonClass: 32151K(32320K)->32151K(32320K) Class: 4157K(4288K)->4157K(4288K)
[2025-04-11T16:36:02.513+0800][1.364s] GC(5) Pause Young (Mixed) (Metadata GC Threshold) 33M->31M(512M) 1.906ms
[2025-04-11T16:36:02.513+0800][1.364s] GC(5) User=0.01s Sys=0.00s Real=0.00s
[2025-04-11T16:36:02.521+0800][1.372s] GC(6) Pause Young (Concurrent Start) (Metadata GC Threshold)
[2025-04-11T16:36:02.521+0800][1.372s] GC(6) Using 8 workers of 8 for evacuation
[2025-04-11T16:36:02.523+0800][1.374s] GC(6)   Pre Evacuate Collection Set: 0.1ms
[2025-04-11T16:36:02.523+0800][1.374s] GC(6)   Merge Heap Roots: 0.0ms
[2025-04-11T16:36:02.523+0800][1.374s] GC(6)   Evacuate Collection Set: 1.4ms
[2025-04-11T16:36:02.523+0800][1.374s] GC(6)   Post Evacuate Collection Set: 0.2ms
[2025-04-11T16:36:02.523+0800][1.374s] GC(6)   Other: 0.0ms
[2025-04-11T16:36:02.523+0800][1.374s] GC(6) Eden regions: 3->0(301)
[2025-04-11T16:36:02.523+0800][1.374s] GC(6) Survivor regions: 7->6(39)
[2025-04-11T16:36:02.523+0800][1.374s] GC(6) Old regions: 22->22
[2025-04-11T16:36:02.523+0800][1.374s] GC(6) Humongous regions: 4->4
[2025-04-11T16:36:02.523+0800][1.374s] GC(6) Metaspace: 36632K(36928K)->36632K(36928K) NonClass: 32417K(32576K)->32417K(32576K) Class: 4214K(4352K)->4214K(4352K)
[2025-04-11T16:36:02.523+0800][1.374s] GC(6) Pause Young (Concurrent Start) (Metadata GC Threshold) 34M->31M(512M) 1.922ms
[2025-04-11T16:36:02.523+0800][1.374s] GC(7) Concurrent Mark Cycle
[2025-04-11T16:36:02.523+0800][1.374s] GC(6) User=0.01s Sys=0.00s Real=0.00s
[2025-04-11T16:36:02.523+0800][1.374s] GC(7) Concurrent Scan Root Regions
[2025-04-11T16:36:02.525+0800][1.376s] GC(7) Concurrent Scan Root Regions 1.363ms
[2025-04-11T16:36:02.525+0800][1.376s] GC(7) Concurrent Mark
[2025-04-11T16:36:02.525+0800][1.376s] GC(7) Concurrent Mark From Roots
[2025-04-11T16:36:02.525+0800][1.376s] GC(7) Using 2 workers of 2 for marking
[2025-04-11T16:36:02.530+0800][1.381s] GC(7) Concurrent Mark From Roots 5.694ms
[2025-04-11T16:36:02.530+0800][1.381s] GC(7) Concurrent Preclean
[2025-04-11T16:36:02.530+0800][1.381s] GC(7) Concurrent Preclean 0.027ms
[2025-04-11T16:36:02.530+0800][1.381s] GC(7) Pause Remark
[2025-04-11T16:36:02.532+0800][1.383s] GC(7) Pause Remark 33M->33M(512M) 1.648ms
[2025-04-11T16:36:02.532+0800][1.383s] GC(7) User=0.01s Sys=0.00s Real=0.00s
[2025-04-11T16:36:02.532+0800][1.383s] GC(7) Concurrent Mark 7.510ms
[2025-04-11T16:36:02.532+0800][1.383s] GC(7) Concurrent Rebuild Remembered Sets and Scrub Regions
[2025-04-11T16:36:02.535+0800][1.386s] GC(7) Concurrent Rebuild Remembered Sets and Scrub Regions 3.076ms
[2025-04-11T16:36:02.535+0800][1.386s] GC(7) Pause Cleanup
[2025-04-11T16:36:02.535+0800][1.386s] GC(7) Pause Cleanup 34M->34M(512M) 0.089ms
[2025-04-11T16:36:02.535+0800][1.386s] GC(7) User=0.00s Sys=0.00s Real=0.00s
[2025-04-11T16:36:02.535+0800][1.386s] GC(7) Concurrent Clear Claimed Marks
[2025-04-11T16:36:02.535+0800][1.386s] GC(7) Concurrent Clear Claimed Marks 0.025ms
[2025-04-11T16:36:02.535+0800][1.386s] GC(7) Concurrent Cleanup for Next Mark
[2025-04-11T16:36:02.536+0800][1.387s] GC(7) Concurrent Cleanup for Next Mark 0.242ms
[2025-04-11T16:36:02.536+0800][1.387s] GC(7) Concurrent Mark Cycle 12.491ms
[2025-04-11T17:14:13.695+0800][2292.593s] Heap
[2025-04-11T17:14:13.695+0800][2292.593s]  garbage-first heap   total 524288K, used 258235K [0x00000007e0000000, 0x0000000800000000)
[2025-04-11T17:14:13.695+0800][2292.593s]   region size 1024K, 223 young (228352K), 6 survivors (6144K)
[2025-04-11T17:14:13.695+0800][2292.593s]  Metaspace       used 54075K, committed 54528K, reserved 1114112K
[2025-04-11T17:14:13.695+0800][2292.593s]   class space    used 6291K, committed 6464K, reserved 1048576K
