[2025-04-17T21:42:06.290+0800][0.005s] CardTable entry size: 512
[2025-04-17T21:42:06.290+0800][0.005s] Using G1
[2025-04-17T21:42:06.328+0800][0.044s] Version: 21+35-2513 (release)
[2025-04-17T21:42:06.328+0800][0.044s] CPUs: 8 total, 8 available
[2025-04-17T21:42:06.328+0800][0.044s] Memory: 16384M
[2025-04-17T21:42:06.328+0800][0.044s] Large Page Support: Disabled
[2025-04-17T21:42:06.328+0800][0.044s] NUMA Support: Disabled
[2025-04-17T21:42:06.328+0800][0.044s] Compressed Oops: Enabled (Zero based)
[2025-04-17T21:42:06.328+0800][0.044s] Heap Region Size: 1M
[2025-04-17T21:42:06.328+0800][0.044s] Heap Min Capacity: 512M
[2025-04-17T21:42:06.328+0800][0.044s] Heap Initial Capacity: 512M
[2025-04-17T21:42:06.328+0800][0.044s] Heap Max Capacity: 512M
[2025-04-17T21:42:06.329+0800][0.044s] Pre-touch: Enabled
[2025-04-17T21:42:06.329+0800][0.044s] Parallel Workers: 8
[2025-04-17T21:42:06.329+0800][0.044s] Concurrent Workers: 2
[2025-04-17T21:42:06.329+0800][0.044s] Concurrent Refinement Workers: 8
[2025-04-17T21:42:06.329+0800][0.044s] Periodic GC: Disabled
[2025-04-17T21:42:06.333+0800][0.048s] CDS archive(s) mapped at: [0x0000007000000000-0x0000007000ca4000-0x0000007000ca4000), size 13254656, SharedBaseAddress: 0x0000007000000000, ArchiveRelocationMode: 1.
[2025-04-17T21:42:06.333+0800][0.048s] Compressed class space mapped at: 0x0000007001000000-0x0000007041000000, reserved size: 1073741824
[2025-04-17T21:42:06.333+0800][0.048s] Narrow klass base: 0x0000007000000000, Narrow klass shift: 0, Narrow klass range: 0x100000000
[2025-04-17T21:42:06.664+0800][0.379s] GC(0) Pause Young (Normal) (G1 Evacuation Pause)
[2025-04-17T21:42:06.664+0800][0.379s] GC(0) Using 8 workers of 8 for evacuation
[2025-04-17T21:42:06.666+0800][0.381s] GC(0)   Pre Evacuate Collection Set: 0.1ms
[2025-04-17T21:42:06.666+0800][0.381s] GC(0)   Merge Heap Roots: 0.0ms
[2025-04-17T21:42:06.666+0800][0.381s] GC(0)   Evacuate Collection Set: 1.7ms
[2025-04-17T21:42:06.666+0800][0.381s] GC(0)   Post Evacuate Collection Set: 0.2ms
[2025-04-17T21:42:06.666+0800][0.381s] GC(0)   Other: 0.2ms
[2025-04-17T21:42:06.666+0800][0.381s] GC(0) Eden regions: 29->0(55)
[2025-04-17T21:42:06.666+0800][0.381s] GC(0) Survivor regions: 0->4(4)
[2025-04-17T21:42:06.666+0800][0.381s] GC(0) Old regions: 2->6
[2025-04-17T21:42:06.666+0800][0.381s] GC(0) Humongous regions: 4->4
[2025-04-17T21:42:06.666+0800][0.381s] GC(0) Metaspace: 10074K(10304K)->10074K(10304K) NonClass: 8904K(9024K)->8904K(9024K) Class: 1169K(1280K)->1169K(1280K)
[2025-04-17T21:42:06.666+0800][0.381s] GC(0) Pause Young (Normal) (G1 Evacuation Pause) 34M->12M(512M) 2.431ms
[2025-04-17T21:42:06.666+0800][0.381s] GC(0) User=0.02s Sys=0.00s Real=0.00s
[2025-04-17T21:42:07.004+0800][0.719s] GC(1) Pause Young (Normal) (G1 Evacuation Pause)
[2025-04-17T21:42:07.004+0800][0.719s] GC(1) Using 8 workers of 8 for evacuation
[2025-04-17T21:42:07.008+0800][0.723s] GC(1)   Pre Evacuate Collection Set: 0.1ms
[2025-04-17T21:42:07.008+0800][0.723s] GC(1)   Merge Heap Roots: 0.1ms
[2025-04-17T21:42:07.008+0800][0.723s] GC(1)   Evacuate Collection Set: 3.4ms
[2025-04-17T21:42:07.008+0800][0.723s] GC(1)   Post Evacuate Collection Set: 0.4ms
[2025-04-17T21:42:07.008+0800][0.723s] GC(1)   Other: 0.0ms
[2025-04-17T21:42:07.008+0800][0.723s] GC(1) Eden regions: 55->0(62)
[2025-04-17T21:42:07.008+0800][0.723s] GC(1) Survivor regions: 4->8(8)
[2025-04-17T21:42:07.008+0800][0.723s] GC(1) Old regions: 6->15
[2025-04-17T21:42:07.008+0800][0.723s] GC(1) Humongous regions: 4->4
[2025-04-17T21:42:07.008+0800][0.723s] GC(1) Metaspace: 18099K(18496K)->18099K(18496K) NonClass: 16035K(16256K)->16035K(16256K) Class: 2064K(2240K)->2064K(2240K)
[2025-04-17T21:42:07.008+0800][0.723s] GC(1) Pause Young (Normal) (G1 Evacuation Pause) 67M->25M(512M) 4.134ms
[2025-04-17T21:42:07.008+0800][0.723s] GC(1) User=0.03s Sys=0.00s Real=0.00s
[2025-04-17T21:42:07.090+0800][0.805s] GC(2) Pause Young (Concurrent Start) (Metadata GC Threshold)
[2025-04-17T21:42:07.090+0800][0.805s] GC(2) Using 8 workers of 8 for evacuation
[2025-04-17T21:42:07.092+0800][0.807s] GC(2)   Pre Evacuate Collection Set: 0.2ms
[2025-04-17T21:42:07.092+0800][0.807s] GC(2)   Merge Heap Roots: 0.0ms
[2025-04-17T21:42:07.092+0800][0.807s] GC(2)   Evacuate Collection Set: 1.7ms
[2025-04-17T21:42:07.092+0800][0.807s] GC(2)   Post Evacuate Collection Set: 0.2ms
[2025-04-17T21:42:07.092+0800][0.807s] GC(2)   Other: 0.0ms
[2025-04-17T21:42:07.092+0800][0.807s] GC(2) Eden regions: 18->0(80)
[2025-04-17T21:42:07.092+0800][0.807s] GC(2) Survivor regions: 8->1(9)
[2025-04-17T21:42:07.092+0800][0.807s] GC(2) Old regions: 15->23
[2025-04-17T21:42:07.092+0800][0.807s] GC(2) Humongous regions: 4->4
[2025-04-17T21:42:07.092+0800][0.807s] GC(2) Metaspace: 21204K(21504K)->21204K(21504K) NonClass: 18790K(18944K)->18790K(18944K) Class: 2413K(2560K)->2413K(2560K)
[2025-04-17T21:42:07.092+0800][0.807s] GC(2) Pause Young (Concurrent Start) (Metadata GC Threshold) 42M->26M(512M) 2.360ms
[2025-04-17T21:42:07.092+0800][0.807s] GC(3) Concurrent Mark Cycle
[2025-04-17T21:42:07.092+0800][0.808s] GC(2) User=0.01s Sys=0.00s Real=0.00s
[2025-04-17T21:42:07.092+0800][0.808s] GC(3) Concurrent Scan Root Regions
[2025-04-17T21:42:07.093+0800][0.808s] GC(3) Concurrent Scan Root Regions 0.747ms
[2025-04-17T21:42:07.093+0800][0.808s] GC(3) Concurrent Mark
[2025-04-17T21:42:07.093+0800][0.808s] GC(3) Concurrent Mark From Roots
[2025-04-17T21:42:07.093+0800][0.808s] GC(3) Using 2 workers of 2 for marking
[2025-04-17T21:42:07.098+0800][0.813s] GC(3) Concurrent Mark From Roots 4.935ms
[2025-04-17T21:42:07.098+0800][0.813s] GC(3) Concurrent Preclean
[2025-04-17T21:42:07.098+0800][0.813s] GC(3) Concurrent Preclean 0.065ms
[2025-04-17T21:42:07.098+0800][0.813s] GC(3) Pause Remark
[2025-04-17T21:42:07.100+0800][0.815s] GC(3) Pause Remark 28M->28M(512M) 1.355ms
[2025-04-17T21:42:07.100+0800][0.815s] GC(3) User=0.01s Sys=0.00s Real=0.01s
[2025-04-17T21:42:07.100+0800][0.815s] GC(3) Concurrent Mark 6.477ms
[2025-04-17T21:42:07.100+0800][0.815s] GC(3) Concurrent Rebuild Remembered Sets and Scrub Regions
[2025-04-17T21:42:07.102+0800][0.818s] GC(3) Concurrent Rebuild Remembered Sets and Scrub Regions 2.831ms
[2025-04-17T21:42:07.103+0800][0.818s] GC(3) Pause Cleanup
[2025-04-17T21:42:07.103+0800][0.818s] GC(3) Pause Cleanup 28M->28M(512M) 0.073ms
[2025-04-17T21:42:07.103+0800][0.818s] GC(3) User=0.00s Sys=0.00s Real=0.00s
[2025-04-17T21:42:07.103+0800][0.818s] GC(3) Concurrent Clear Claimed Marks
[2025-04-17T21:42:07.103+0800][0.818s] GC(3) Concurrent Clear Claimed Marks 0.024ms
[2025-04-17T21:42:07.103+0800][0.818s] GC(3) Concurrent Cleanup for Next Mark
[2025-04-17T21:42:07.103+0800][0.818s] GC(3) Concurrent Cleanup for Next Mark 0.433ms
[2025-04-17T21:42:07.103+0800][0.818s] GC(3) Concurrent Mark Cycle 10.837ms
[2025-04-17T21:42:07.684+0800][1.399s] GC(4) Pause Young (Prepare Mixed) (Metadata GC Threshold)
[2025-04-17T21:42:07.684+0800][1.399s] GC(4) Using 8 workers of 8 for evacuation
[2025-04-17T21:42:07.686+0800][1.401s] GC(4)   Pre Evacuate Collection Set: 0.1ms
[2025-04-17T21:42:07.686+0800][1.401s] GC(4)   Merge Heap Roots: 0.0ms
[2025-04-17T21:42:07.686+0800][1.401s] GC(4)   Evacuate Collection Set: 2.1ms
[2025-04-17T21:42:07.686+0800][1.401s] GC(4)   Post Evacuate Collection Set: 0.3ms
[2025-04-17T21:42:07.686+0800][1.402s] GC(4)   Other: 0.0ms
[2025-04-17T21:42:07.686+0800][1.402s] GC(4) Eden regions: 77->0(301)
[2025-04-17T21:42:07.686+0800][1.402s] GC(4) Survivor regions: 1->6(11)
[2025-04-17T21:42:07.686+0800][1.402s] GC(4) Old regions: 23->23
[2025-04-17T21:42:07.686+0800][1.402s] GC(4) Humongous regions: 4->4
[2025-04-17T21:42:07.686+0800][1.402s] GC(4) Metaspace: 35997K(36288K)->35997K(36288K) NonClass: 31903K(32064K)->31903K(32064K) Class: 4093K(4224K)->4093K(4224K)
[2025-04-17T21:42:07.686+0800][1.402s] GC(4) Pause Young (Prepare Mixed) (Metadata GC Threshold) 102M->31M(512M) 2.769ms
[2025-04-17T21:42:07.686+0800][1.402s] GC(4) User=0.01s Sys=0.00s Real=0.00s
[2025-04-17T21:42:07.700+0800][1.415s] GC(5) Pause Young (Mixed) (Metadata GC Threshold)
[2025-04-17T21:42:07.700+0800][1.415s] GC(5) Using 8 workers of 8 for evacuation
[2025-04-17T21:42:07.702+0800][1.417s] GC(5)   Pre Evacuate Collection Set: 0.1ms
[2025-04-17T21:42:07.702+0800][1.417s] GC(5)   Merge Heap Roots: 0.0ms
[2025-04-17T21:42:07.702+0800][1.417s] GC(5)   Evacuate Collection Set: 1.4ms
[2025-04-17T21:42:07.702+0800][1.417s] GC(5)   Post Evacuate Collection Set: 0.2ms
[2025-04-17T21:42:07.702+0800][1.417s] GC(5)   Other: 0.0ms
[2025-04-17T21:42:07.702+0800][1.417s] GC(5) Eden regions: 3->0(301)
[2025-04-17T21:42:07.702+0800][1.417s] GC(5) Survivor regions: 6->6(39)
[2025-04-17T21:42:07.702+0800][1.417s] GC(5) Old regions: 23->22
[2025-04-17T21:42:07.702+0800][1.417s] GC(5) Humongous regions: 4->4
[2025-04-17T21:42:07.702+0800][1.417s] GC(5) Metaspace: 36324K(36608K)->36324K(36608K) NonClass: 32164K(32320K)->32164K(32320K) Class: 4159K(4288K)->4159K(4288K)
[2025-04-17T21:42:07.702+0800][1.417s] GC(5) Pause Young (Mixed) (Metadata GC Threshold) 33M->31M(512M) 1.908ms
[2025-04-17T21:42:07.702+0800][1.417s] GC(5) User=0.01s Sys=0.00s Real=0.00s
[2025-04-17T21:42:07.710+0800][1.425s] GC(6) Pause Young (Concurrent Start) (Metadata GC Threshold)
[2025-04-17T21:42:07.710+0800][1.425s] GC(6) Using 8 workers of 8 for evacuation
[2025-04-17T21:42:07.712+0800][1.427s] GC(6)   Pre Evacuate Collection Set: 0.1ms
[2025-04-17T21:42:07.712+0800][1.427s] GC(6)   Merge Heap Roots: 0.0ms
[2025-04-17T21:42:07.712+0800][1.427s] GC(6)   Evacuate Collection Set: 1.4ms
[2025-04-17T21:42:07.712+0800][1.427s] GC(6)   Post Evacuate Collection Set: 0.3ms
[2025-04-17T21:42:07.712+0800][1.427s] GC(6)   Other: 0.0ms
[2025-04-17T21:42:07.712+0800][1.427s] GC(6) Eden regions: 2->0(301)
[2025-04-17T21:42:07.712+0800][1.427s] GC(6) Survivor regions: 6->6(39)
[2025-04-17T21:42:07.712+0800][1.427s] GC(6) Old regions: 22->22
[2025-04-17T21:42:07.712+0800][1.427s] GC(6) Humongous regions: 4->4
[2025-04-17T21:42:07.712+0800][1.427s] GC(6) Metaspace: 36636K(36928K)->36636K(36928K) NonClass: 32421K(32576K)->32421K(32576K) Class: 4214K(4352K)->4214K(4352K)
[2025-04-17T21:42:07.712+0800][1.427s] GC(6) Pause Young (Concurrent Start) (Metadata GC Threshold) 33M->31M(512M) 1.991ms
[2025-04-17T21:42:07.712+0800][1.427s] GC(7) Concurrent Mark Cycle
[2025-04-17T21:42:07.712+0800][1.427s] GC(6) User=0.01s Sys=0.00s Real=0.00s
[2025-04-17T21:42:07.712+0800][1.427s] GC(7) Concurrent Scan Root Regions
[2025-04-17T21:42:07.713+0800][1.428s] GC(7) Concurrent Scan Root Regions 1.257ms
[2025-04-17T21:42:07.713+0800][1.428s] GC(7) Concurrent Mark
[2025-04-17T21:42:07.713+0800][1.428s] GC(7) Concurrent Mark From Roots
[2025-04-17T21:42:07.713+0800][1.428s] GC(7) Using 2 workers of 2 for marking
[2025-04-17T21:42:07.719+0800][1.434s] GC(7) Concurrent Mark From Roots 5.622ms
[2025-04-17T21:42:07.719+0800][1.434s] GC(7) Concurrent Preclean
[2025-04-17T21:42:07.719+0800][1.434s] GC(7) Concurrent Preclean 0.032ms
[2025-04-17T21:42:07.719+0800][1.434s] GC(7) Pause Remark
[2025-04-17T21:42:07.721+0800][1.436s] GC(7) Pause Remark 33M->33M(512M) 1.541ms
[2025-04-17T21:42:07.721+0800][1.436s] GC(7) User=0.00s Sys=0.01s Real=0.01s
[2025-04-17T21:42:07.721+0800][1.436s] GC(7) Concurrent Mark 7.342ms
[2025-04-17T21:42:07.721+0800][1.436s] GC(7) Concurrent Rebuild Remembered Sets and Scrub Regions
[2025-04-17T21:42:07.723+0800][1.439s] GC(7) Concurrent Rebuild Remembered Sets and Scrub Regions 2.827ms
[2025-04-17T21:42:07.724+0800][1.439s] GC(7) Pause Cleanup
[2025-04-17T21:42:07.724+0800][1.439s] GC(7) Pause Cleanup 34M->34M(512M) 0.098ms
[2025-04-17T21:42:07.724+0800][1.439s] GC(7) User=0.00s Sys=0.00s Real=0.00s
[2025-04-17T21:42:07.724+0800][1.439s] GC(7) Concurrent Clear Claimed Marks
[2025-04-17T21:42:07.724+0800][1.439s] GC(7) Concurrent Clear Claimed Marks 0.025ms
[2025-04-17T21:42:07.724+0800][1.439s] GC(7) Concurrent Cleanup for Next Mark
[2025-04-17T21:42:07.724+0800][1.439s] GC(7) Concurrent Cleanup for Next Mark 0.237ms
[2025-04-17T21:42:07.724+0800][1.439s] GC(7) Concurrent Mark Cycle 11.976ms
[2025-04-17T21:42:58.925+0800][52.640s] Heap
[2025-04-17T21:42:58.926+0800][52.641s]  garbage-first heap   total 524288K, used 153441K [0x00000007e0000000, 0x0000000800000000)
[2025-04-17T21:42:58.926+0800][52.641s]   region size 1024K, 120 young (122880K), 6 survivors (6144K)
[2025-04-17T21:42:58.926+0800][52.641s]  Metaspace       used 51544K, committed 52032K, reserved 1114112K
[2025-04-17T21:42:58.926+0800][52.641s]   class space    used 6082K, committed 6336K, reserved 1048576K
