[2025-04-17T21:43:03.487+0800][0.005s] CardTable entry size: 512
[2025-04-17T21:43:03.487+0800][0.005s] Using G1
[2025-04-17T21:43:03.525+0800][0.043s] Version: 21+35-2513 (release)
[2025-04-17T21:43:03.525+0800][0.043s] CPUs: 8 total, 8 available
[2025-04-17T21:43:03.525+0800][0.043s] Memory: 16384M
[2025-04-17T21:43:03.525+0800][0.043s] Large Page Support: Disabled
[2025-04-17T21:43:03.525+0800][0.043s] NUMA Support: Disabled
[2025-04-17T21:43:03.525+0800][0.043s] Compressed Oops: Enabled (Zero based)
[2025-04-17T21:43:03.525+0800][0.043s] Heap Region Size: 1M
[2025-04-17T21:43:03.525+0800][0.043s] Heap Min Capacity: 512M
[2025-04-17T21:43:03.525+0800][0.043s] Heap Initial Capacity: 512M
[2025-04-17T21:43:03.525+0800][0.043s] Heap Max Capacity: 512M
[2025-04-17T21:43:03.525+0800][0.043s] Pre-touch: Enabled
[2025-04-17T21:43:03.525+0800][0.043s] Parallel Workers: 8
[2025-04-17T21:43:03.525+0800][0.043s] Concurrent Workers: 2
[2025-04-17T21:43:03.525+0800][0.043s] Concurrent Refinement Workers: 8
[2025-04-17T21:43:03.525+0800][0.043s] Periodic GC: Disabled
[2025-04-17T21:43:03.526+0800][0.043s] CDS archive(s) mapped at: [0x0000000800000000-0x0000000800ca4000-0x0000000800ca4000), size 13254656, SharedBaseAddress: 0x0000000800000000, ArchiveRelocationMode: 1.
[2025-04-17T21:43:03.526+0800][0.043s] Compressed class space mapped at: 0x0000000801000000-0x0000000841000000, reserved size: 1073741824
[2025-04-17T21:43:03.526+0800][0.043s] Narrow klass base: 0x0000000800000000, Narrow klass shift: 0, Narrow klass range: 0x100000000
[2025-04-17T21:43:03.896+0800][0.414s] GC(0) Pause Young (Normal) (G1 Evacuation Pause)
[2025-04-17T21:43:03.897+0800][0.414s] GC(0) Using 8 workers of 8 for evacuation
[2025-04-17T21:43:03.899+0800][0.417s] GC(0)   Pre Evacuate Collection Set: 0.1ms
[2025-04-17T21:43:03.899+0800][0.417s] GC(0)   Merge Heap Roots: 0.0ms
[2025-04-17T21:43:03.899+0800][0.417s] GC(0)   Evacuate Collection Set: 2.4ms
[2025-04-17T21:43:03.899+0800][0.417s] GC(0)   Post Evacuate Collection Set: 0.3ms
[2025-04-17T21:43:03.899+0800][0.417s] GC(0)   Other: 0.3ms
[2025-04-17T21:43:03.900+0800][0.417s] GC(0) Eden regions: 29->0(55)
[2025-04-17T21:43:03.900+0800][0.417s] GC(0) Survivor regions: 0->4(4)
[2025-04-17T21:43:03.900+0800][0.417s] GC(0) Old regions: 2->6
[2025-04-17T21:43:03.900+0800][0.417s] GC(0) Humongous regions: 4->4
[2025-04-17T21:43:03.900+0800][0.417s] GC(0) Metaspace: 10075K(10304K)->10075K(10304K) NonClass: 8905K(9024K)->8905K(9024K) Class: 1170K(1280K)->1170K(1280K)
[2025-04-17T21:43:03.900+0800][0.417s] GC(0) Pause Young (Normal) (G1 Evacuation Pause) 34M->12M(512M) 3.325ms
[2025-04-17T21:43:03.900+0800][0.417s] GC(0) User=0.02s Sys=0.00s Real=0.01s
[2025-04-17T21:43:04.228+0800][0.746s] GC(1) Pause Young (Normal) (G1 Evacuation Pause)
[2025-04-17T21:43:04.228+0800][0.746s] GC(1) Using 8 workers of 8 for evacuation
[2025-04-17T21:43:04.232+0800][0.750s] GC(1)   Pre Evacuate Collection Set: 0.1ms
[2025-04-17T21:43:04.232+0800][0.750s] GC(1)   Merge Heap Roots: 0.1ms
[2025-04-17T21:43:04.232+0800][0.750s] GC(1)   Evacuate Collection Set: 3.3ms
[2025-04-17T21:43:04.232+0800][0.750s] GC(1)   Post Evacuate Collection Set: 0.6ms
[2025-04-17T21:43:04.232+0800][0.750s] GC(1)   Other: 0.0ms
[2025-04-17T21:43:04.232+0800][0.750s] GC(1) Eden regions: 55->0(62)
[2025-04-17T21:43:04.232+0800][0.750s] GC(1) Survivor regions: 4->8(8)
[2025-04-17T21:43:04.232+0800][0.750s] GC(1) Old regions: 6->14
[2025-04-17T21:43:04.232+0800][0.750s] GC(1) Humongous regions: 4->4
[2025-04-17T21:43:04.232+0800][0.750s] GC(1) Metaspace: 18108K(18496K)->18108K(18496K) NonClass: 16041K(16256K)->16041K(16256K) Class: 2067K(2240K)->2067K(2240K)
[2025-04-17T21:43:04.232+0800][0.750s] GC(1) Pause Young (Normal) (G1 Evacuation Pause) 67M->24M(512M) 4.395ms
[2025-04-17T21:43:04.232+0800][0.750s] GC(1) User=0.03s Sys=0.00s Real=0.01s
[2025-04-17T21:43:04.313+0800][0.831s] GC(2) Pause Young (Concurrent Start) (Metadata GC Threshold)
[2025-04-17T21:43:04.313+0800][0.831s] GC(2) Using 8 workers of 8 for evacuation
[2025-04-17T21:43:04.315+0800][0.833s] GC(2)   Pre Evacuate Collection Set: 0.2ms
[2025-04-17T21:43:04.315+0800][0.833s] GC(2)   Merge Heap Roots: 0.0ms
[2025-04-17T21:43:04.315+0800][0.833s] GC(2)   Evacuate Collection Set: 2.1ms
[2025-04-17T21:43:04.315+0800][0.833s] GC(2)   Post Evacuate Collection Set: 0.2ms
[2025-04-17T21:43:04.315+0800][0.833s] GC(2)   Other: 0.0ms
[2025-04-17T21:43:04.315+0800][0.833s] GC(2) Eden regions: 18->0(80)
[2025-04-17T21:43:04.315+0800][0.833s] GC(2) Survivor regions: 8->1(9)
[2025-04-17T21:43:04.315+0800][0.833s] GC(2) Old regions: 14->23
[2025-04-17T21:43:04.315+0800][0.833s] GC(2) Humongous regions: 4->4
[2025-04-17T21:43:04.315+0800][0.833s] GC(2) Metaspace: 21208K(21504K)->21208K(21504K) NonClass: 18794K(18944K)->18794K(18944K) Class: 2414K(2560K)->2414K(2560K)
[2025-04-17T21:43:04.315+0800][0.833s] GC(2) Pause Young (Concurrent Start) (Metadata GC Threshold) 42M->26M(512M) 2.748ms
[2025-04-17T21:43:04.315+0800][0.833s] GC(3) Concurrent Mark Cycle
[2025-04-17T21:43:04.315+0800][0.833s] GC(2) User=0.02s Sys=0.00s Real=0.00s
[2025-04-17T21:43:04.315+0800][0.833s] GC(3) Concurrent Scan Root Regions
[2025-04-17T21:43:04.316+0800][0.834s] GC(3) Concurrent Scan Root Regions 0.882ms
[2025-04-17T21:43:04.316+0800][0.834s] GC(3) Concurrent Mark
[2025-04-17T21:43:04.316+0800][0.834s] GC(3) Concurrent Mark From Roots
[2025-04-17T21:43:04.316+0800][0.834s] GC(3) Using 2 workers of 2 for marking
[2025-04-17T21:43:04.321+0800][0.839s] GC(3) Concurrent Mark From Roots 4.376ms
[2025-04-17T21:43:04.321+0800][0.839s] GC(3) Concurrent Preclean
[2025-04-17T21:43:04.321+0800][0.839s] GC(3) Concurrent Preclean 0.028ms
[2025-04-17T21:43:04.321+0800][0.839s] GC(3) Pause Remark
[2025-04-17T21:43:04.322+0800][0.840s] GC(3) Pause Remark 27M->27M(512M) 1.098ms
[2025-04-17T21:43:04.322+0800][0.840s] GC(3) User=0.00s Sys=0.00s Real=0.00s
[2025-04-17T21:43:04.322+0800][0.840s] GC(3) Concurrent Mark 5.601ms
[2025-04-17T21:43:04.322+0800][0.840s] GC(3) Concurrent Rebuild Remembered Sets and Scrub Regions
[2025-04-17T21:43:04.325+0800][0.842s] GC(3) Concurrent Rebuild Remembered Sets and Scrub Regions 2.539ms
[2025-04-17T21:43:04.325+0800][0.842s] GC(3) Pause Cleanup
[2025-04-17T21:43:04.325+0800][0.843s] GC(3) Pause Cleanup 27M->27M(512M) 0.075ms
[2025-04-17T21:43:04.325+0800][0.843s] GC(3) User=0.00s Sys=0.00s Real=0.00s
[2025-04-17T21:43:04.325+0800][0.843s] GC(3) Concurrent Clear Claimed Marks
[2025-04-17T21:43:04.325+0800][0.843s] GC(3) Concurrent Clear Claimed Marks 0.028ms
[2025-04-17T21:43:04.325+0800][0.843s] GC(3) Concurrent Cleanup for Next Mark
[2025-04-17T21:43:04.325+0800][0.843s] GC(3) Concurrent Cleanup for Next Mark 0.431ms
[2025-04-17T21:43:04.325+0800][0.843s] GC(3) Concurrent Mark Cycle 9.759ms
[2025-04-17T21:43:04.840+0800][1.358s] GC(4) Pause Young (Prepare Mixed) (Metadata GC Threshold)
[2025-04-17T21:43:04.840+0800][1.358s] GC(4) Using 8 workers of 8 for evacuation
[2025-04-17T21:43:04.843+0800][1.360s] GC(4)   Pre Evacuate Collection Set: 0.1ms
[2025-04-17T21:43:04.843+0800][1.360s] GC(4)   Merge Heap Roots: 0.0ms
[2025-04-17T21:43:04.843+0800][1.360s] GC(4)   Evacuate Collection Set: 1.8ms
[2025-04-17T21:43:04.843+0800][1.360s] GC(4)   Post Evacuate Collection Set: 0.3ms
[2025-04-17T21:43:04.843+0800][1.360s] GC(4)   Other: 0.0ms
[2025-04-17T21:43:04.843+0800][1.360s] GC(4) Eden regions: 71->0(301)
[2025-04-17T21:43:04.843+0800][1.360s] GC(4) Survivor regions: 1->6(11)
[2025-04-17T21:43:04.843+0800][1.360s] GC(4) Old regions: 23->23
[2025-04-17T21:43:04.843+0800][1.360s] GC(4) Humongous regions: 4->4
[2025-04-17T21:43:04.843+0800][1.360s] GC(4) Metaspace: 35982K(36288K)->35982K(36288K) NonClass: 31890K(32064K)->31890K(32064K) Class: 4092K(4224K)->4092K(4224K)
[2025-04-17T21:43:04.843+0800][1.360s] GC(4) Pause Young (Prepare Mixed) (Metadata GC Threshold) 96M->30M(512M) 2.369ms
[2025-04-17T21:43:04.843+0800][1.360s] GC(4) User=0.01s Sys=0.00s Real=0.00s
[2025-04-17T21:43:04.854+0800][1.372s] GC(5) Pause Young (Mixed) (Metadata GC Threshold)
[2025-04-17T21:43:04.854+0800][1.372s] GC(5) Using 8 workers of 8 for evacuation
[2025-04-17T21:43:04.856+0800][1.374s] GC(5)   Pre Evacuate Collection Set: 0.1ms
[2025-04-17T21:43:04.856+0800][1.374s] GC(5)   Merge Heap Roots: 0.0ms
[2025-04-17T21:43:04.856+0800][1.374s] GC(5)   Evacuate Collection Set: 1.5ms
[2025-04-17T21:43:04.856+0800][1.374s] GC(5)   Post Evacuate Collection Set: 0.2ms
[2025-04-17T21:43:04.856+0800][1.374s] GC(5)   Other: 0.0ms
[2025-04-17T21:43:04.856+0800][1.374s] GC(5) Eden regions: 3->0(301)
[2025-04-17T21:43:04.856+0800][1.374s] GC(5) Survivor regions: 6->6(39)
[2025-04-17T21:43:04.856+0800][1.374s] GC(5) Old regions: 23->22
[2025-04-17T21:43:04.856+0800][1.374s] GC(5) Humongous regions: 4->4
[2025-04-17T21:43:04.856+0800][1.374s] GC(5) Metaspace: 36309K(36608K)->36309K(36608K) NonClass: 32153K(32320K)->32153K(32320K) Class: 4156K(4288K)->4156K(4288K)
[2025-04-17T21:43:04.856+0800][1.374s] GC(5) Pause Young (Mixed) (Metadata GC Threshold) 33M->31M(512M) 2.041ms
[2025-04-17T21:43:04.856+0800][1.374s] GC(5) User=0.02s Sys=0.00s Real=0.00s
[2025-04-17T21:43:04.865+0800][1.382s] GC(6) Pause Young (Concurrent Start) (Metadata GC Threshold)
[2025-04-17T21:43:04.865+0800][1.382s] GC(6) Using 8 workers of 8 for evacuation
[2025-04-17T21:43:04.866+0800][1.384s] GC(6)   Pre Evacuate Collection Set: 0.2ms
[2025-04-17T21:43:04.866+0800][1.384s] GC(6)   Merge Heap Roots: 0.0ms
[2025-04-17T21:43:04.866+0800][1.384s] GC(6)   Evacuate Collection Set: 1.4ms
[2025-04-17T21:43:04.866+0800][1.384s] GC(6)   Post Evacuate Collection Set: 0.2ms
[2025-04-17T21:43:04.866+0800][1.384s] GC(6)   Other: 0.0ms
[2025-04-17T21:43:04.866+0800][1.384s] GC(6) Eden regions: 2->0(301)
[2025-04-17T21:43:04.867+0800][1.384s] GC(6) Survivor regions: 6->6(39)
[2025-04-17T21:43:04.867+0800][1.384s] GC(6) Old regions: 22->22
[2025-04-17T21:43:04.867+0800][1.384s] GC(6) Humongous regions: 4->4
[2025-04-17T21:43:04.867+0800][1.384s] GC(6) Metaspace: 36621K(36928K)->36621K(36928K) NonClass: 32409K(32576K)->32409K(32576K) Class: 4212K(4352K)->4212K(4352K)
[2025-04-17T21:43:04.867+0800][1.384s] GC(6) Pause Young (Concurrent Start) (Metadata GC Threshold) 33M->31M(512M) 1.998ms
[2025-04-17T21:43:04.867+0800][1.384s] GC(7) Concurrent Mark Cycle
[2025-04-17T21:43:04.867+0800][1.384s] GC(6) User=0.01s Sys=0.00s Real=0.00s
[2025-04-17T21:43:04.867+0800][1.384s] GC(7) Concurrent Scan Root Regions
[2025-04-17T21:43:04.868+0800][1.386s] GC(7) Concurrent Scan Root Regions 1.266ms
[2025-04-17T21:43:04.868+0800][1.386s] GC(7) Concurrent Mark
[2025-04-17T21:43:04.868+0800][1.386s] GC(7) Concurrent Mark From Roots
[2025-04-17T21:43:04.868+0800][1.386s] GC(7) Using 2 workers of 2 for marking
[2025-04-17T21:43:04.873+0800][1.391s] GC(7) Concurrent Mark From Roots 5.557ms
[2025-04-17T21:43:04.873+0800][1.391s] GC(7) Concurrent Preclean
[2025-04-17T21:43:04.873+0800][1.391s] GC(7) Concurrent Preclean 0.049ms
[2025-04-17T21:43:04.874+0800][1.391s] GC(7) Pause Remark
[2025-04-17T21:43:04.875+0800][1.393s] GC(7) Pause Remark 33M->33M(512M) 1.417ms
[2025-04-17T21:43:04.875+0800][1.393s] GC(7) User=0.01s Sys=0.00s Real=0.00s
[2025-04-17T21:43:04.875+0800][1.393s] GC(7) Concurrent Mark 7.140ms
[2025-04-17T21:43:04.875+0800][1.393s] GC(7) Concurrent Rebuild Remembered Sets and Scrub Regions
[2025-04-17T21:43:04.878+0800][1.395s] GC(7) Concurrent Rebuild Remembered Sets and Scrub Regions 2.526ms
[2025-04-17T21:43:04.878+0800][1.395s] GC(7) Pause Cleanup
[2025-04-17T21:43:04.878+0800][1.395s] GC(7) Pause Cleanup 33M->33M(512M) 0.075ms
[2025-04-17T21:43:04.878+0800][1.395s] GC(7) User=0.00s Sys=0.00s Real=0.00s
[2025-04-17T21:43:04.878+0800][1.395s] GC(7) Concurrent Clear Claimed Marks
[2025-04-17T21:43:04.878+0800][1.395s] GC(7) Concurrent Clear Claimed Marks 0.026ms
[2025-04-17T21:43:04.878+0800][1.395s] GC(7) Concurrent Cleanup for Next Mark
[2025-04-17T21:43:04.878+0800][1.396s] GC(7) Concurrent Cleanup for Next Mark 0.242ms
[2025-04-17T21:43:04.878+0800][1.396s] GC(7) Concurrent Mark Cycle 11.412ms
[2025-04-17T21:59:03.605+0800][960.117s] Heap
[2025-04-17T21:59:03.605+0800][960.117s]  garbage-first heap   total 524288K, used 187049K [0x00000007e0000000, 0x0000000800000000)
[2025-04-17T21:59:03.605+0800][960.117s]   region size 1024K, 154 young (157696K), 6 survivors (6144K)
[2025-04-17T21:59:03.605+0800][960.117s]  Metaspace       used 53414K, committed 53888K, reserved 1114112K
[2025-04-17T21:59:03.605+0800][960.117s]   class space    used 6248K, committed 6464K, reserved 1048576K
