[2025-04-17T20:49:52.688+0800][0.005s] CardTable entry size: 512
[2025-04-17T20:49:52.689+0800][0.005s] Using G1
[2025-04-17T20:49:52.729+0800][0.045s] Version: 21+35-2513 (release)
[2025-04-17T20:49:52.729+0800][0.045s] CPUs: 8 total, 8 available
[2025-04-17T20:49:52.729+0800][0.045s] Memory: 16384M
[2025-04-17T20:49:52.729+0800][0.045s] Large Page Support: Disabled
[2025-04-17T20:49:52.729+0800][0.045s] NUMA Support: Disabled
[2025-04-17T20:49:52.729+0800][0.045s] Compressed Oops: Enabled (Zero based)
[2025-04-17T20:49:52.729+0800][0.045s] Heap Region Size: 1M
[2025-04-17T20:49:52.729+0800][0.045s] Heap Min Capacity: 512M
[2025-04-17T20:49:52.729+0800][0.045s] Heap Initial Capacity: 512M
[2025-04-17T20:49:52.729+0800][0.045s] Heap Max Capacity: 512M
[2025-04-17T20:49:52.729+0800][0.045s] Pre-touch: Enabled
[2025-04-17T20:49:52.729+0800][0.045s] Parallel Workers: 8
[2025-04-17T20:49:52.729+0800][0.045s] Concurrent Workers: 2
[2025-04-17T20:49:52.729+0800][0.045s] Concurrent Refinement Workers: 8
[2025-04-17T20:49:52.729+0800][0.045s] Periodic GC: Disabled
[2025-04-17T20:49:52.733+0800][0.049s] CDS archive(s) mapped at: [0x0000007800000000-0x0000007800ca4000-0x0000007800ca4000), size 13254656, SharedBaseAddress: 0x0000007800000000, ArchiveRelocationMode: 1.
[2025-04-17T20:49:52.733+0800][0.049s] Compressed class space mapped at: 0x0000007801000000-0x0000007841000000, reserved size: 1073741824
[2025-04-17T20:49:52.733+0800][0.049s] Narrow klass base: 0x0000007800000000, Narrow klass shift: 0, Narrow klass range: 0x100000000
[2025-04-17T20:49:53.046+0800][0.362s] GC(0) Pause Young (Normal) (G1 Evacuation Pause)
[2025-04-17T20:49:53.046+0800][0.362s] GC(0) Using 8 workers of 8 for evacuation
[2025-04-17T20:49:53.049+0800][0.365s] GC(0)   Pre Evacuate Collection Set: 0.2ms
[2025-04-17T20:49:53.049+0800][0.365s] GC(0)   Merge Heap Roots: 0.0ms
[2025-04-17T20:49:53.049+0800][0.365s] GC(0)   Evacuate Collection Set: 1.8ms
[2025-04-17T20:49:53.049+0800][0.365s] GC(0)   Post Evacuate Collection Set: 0.3ms
[2025-04-17T20:49:53.049+0800][0.365s] GC(0)   Other: 0.2ms
[2025-04-17T20:49:53.049+0800][0.365s] GC(0) Eden regions: 29->0(55)
[2025-04-17T20:49:53.049+0800][0.365s] GC(0) Survivor regions: 0->4(4)
[2025-04-17T20:49:53.049+0800][0.365s] GC(0) Old regions: 2->6
[2025-04-17T20:49:53.049+0800][0.365s] GC(0) Humongous regions: 4->4
[2025-04-17T20:49:53.049+0800][0.365s] GC(0) Metaspace: 10067K(10304K)->10067K(10304K) NonClass: 8898K(9024K)->8898K(9024K) Class: 1168K(1280K)->1168K(1280K)
[2025-04-17T20:49:53.049+0800][0.365s] GC(0) Pause Young (Normal) (G1 Evacuation Pause) 34M->12M(512M) 2.639ms
[2025-04-17T20:49:53.049+0800][0.365s] GC(0) User=0.01s Sys=0.00s Real=0.00s
[2025-04-17T20:49:53.385+0800][0.701s] GC(1) Pause Young (Normal) (G1 Evacuation Pause)
[2025-04-17T20:49:53.385+0800][0.701s] GC(1) Using 8 workers of 8 for evacuation
[2025-04-17T20:49:53.389+0800][0.705s] GC(1)   Pre Evacuate Collection Set: 0.1ms
[2025-04-17T20:49:53.389+0800][0.705s] GC(1)   Merge Heap Roots: 0.1ms
[2025-04-17T20:49:53.389+0800][0.705s] GC(1)   Evacuate Collection Set: 3.3ms
[2025-04-17T20:49:53.389+0800][0.705s] GC(1)   Post Evacuate Collection Set: 0.3ms
[2025-04-17T20:49:53.389+0800][0.705s] GC(1)   Other: 0.1ms
[2025-04-17T20:49:53.389+0800][0.705s] GC(1) Eden regions: 55->0(62)
[2025-04-17T20:49:53.389+0800][0.705s] GC(1) Survivor regions: 4->8(8)
[2025-04-17T20:49:53.389+0800][0.705s] GC(1) Old regions: 6->15
[2025-04-17T20:49:53.389+0800][0.705s] GC(1) Humongous regions: 4->4
[2025-04-17T20:49:53.389+0800][0.705s] GC(1) Metaspace: 18108K(18432K)->18108K(18432K) NonClass: 16037K(16192K)->16037K(16192K) Class: 2070K(2240K)->2070K(2240K)
[2025-04-17T20:49:53.389+0800][0.705s] GC(1) Pause Young (Normal) (G1 Evacuation Pause) 67M->25M(512M) 3.996ms
[2025-04-17T20:49:53.389+0800][0.705s] GC(1) User=0.03s Sys=0.00s Real=0.00s
[2025-04-17T20:49:53.470+0800][0.786s] GC(2) Pause Young (Concurrent Start) (Metadata GC Threshold)
[2025-04-17T20:49:53.470+0800][0.786s] GC(2) Using 8 workers of 8 for evacuation
[2025-04-17T20:49:53.472+0800][0.788s] GC(2)   Pre Evacuate Collection Set: 0.1ms
[2025-04-17T20:49:53.472+0800][0.788s] GC(2)   Merge Heap Roots: 0.1ms
[2025-04-17T20:49:53.472+0800][0.788s] GC(2)   Evacuate Collection Set: 1.8ms
[2025-04-17T20:49:53.472+0800][0.788s] GC(2)   Post Evacuate Collection Set: 0.2ms
[2025-04-17T20:49:53.472+0800][0.788s] GC(2)   Other: 0.0ms
[2025-04-17T20:49:53.472+0800][0.788s] GC(2) Eden regions: 18->0(79)
[2025-04-17T20:49:53.472+0800][0.788s] GC(2) Survivor regions: 8->1(9)
[2025-04-17T20:49:53.472+0800][0.788s] GC(2) Old regions: 15->23
[2025-04-17T20:49:53.472+0800][0.788s] GC(2) Humongous regions: 4->4
[2025-04-17T20:49:53.472+0800][0.788s] GC(2) Metaspace: 21176K(21504K)->21176K(21504K) NonClass: 18763K(18944K)->18763K(18944K) Class: 2413K(2560K)->2413K(2560K)
[2025-04-17T20:49:53.472+0800][0.788s] GC(2) Pause Young (Concurrent Start) (Metadata GC Threshold) 42M->26M(512M) 2.345ms
[2025-04-17T20:49:53.472+0800][0.788s] GC(3) Concurrent Mark Cycle
[2025-04-17T20:49:53.472+0800][0.788s] GC(2) User=0.01s Sys=0.00s Real=0.00s
[2025-04-17T20:49:53.472+0800][0.788s] GC(3) Concurrent Scan Root Regions
[2025-04-17T20:49:53.473+0800][0.789s] GC(3) Concurrent Scan Root Regions 0.804ms
[2025-04-17T20:49:53.473+0800][0.789s] GC(3) Concurrent Mark
[2025-04-17T20:49:53.473+0800][0.789s] GC(3) Concurrent Mark From Roots
[2025-04-17T20:49:53.473+0800][0.789s] GC(3) Using 2 workers of 2 for marking
[2025-04-17T20:49:53.478+0800][0.794s] GC(3) Concurrent Mark From Roots 4.835ms
[2025-04-17T20:49:53.478+0800][0.794s] GC(3) Concurrent Preclean
[2025-04-17T20:49:53.478+0800][0.794s] GC(3) Concurrent Preclean 0.036ms
[2025-04-17T20:49:53.478+0800][0.794s] GC(3) Pause Remark
[2025-04-17T20:49:53.479+0800][0.795s] GC(3) Pause Remark 28M->28M(512M) 1.265ms
[2025-04-17T20:49:53.479+0800][0.795s] GC(3) User=0.00s Sys=0.00s Real=0.00s
[2025-04-17T20:49:53.479+0800][0.795s] GC(3) Concurrent Mark 6.261ms
[2025-04-17T20:49:53.479+0800][0.795s] GC(3) Concurrent Rebuild Remembered Sets and Scrub Regions
[2025-04-17T20:49:53.482+0800][0.798s] GC(3) Concurrent Rebuild Remembered Sets and Scrub Regions 2.592ms
[2025-04-17T20:49:53.482+0800][0.798s] GC(3) Pause Cleanup
[2025-04-17T20:49:53.482+0800][0.798s] GC(3) Pause Cleanup 28M->28M(512M) 0.090ms
[2025-04-17T20:49:53.482+0800][0.798s] GC(3) User=0.00s Sys=0.00s Real=0.00s
[2025-04-17T20:49:53.482+0800][0.798s] GC(3) Concurrent Clear Claimed Marks
[2025-04-17T20:49:53.482+0800][0.798s] GC(3) Concurrent Clear Claimed Marks 0.025ms
[2025-04-17T20:49:53.482+0800][0.798s] GC(3) Concurrent Cleanup for Next Mark
[2025-04-17T20:49:53.482+0800][0.799s] GC(3) Concurrent Cleanup for Next Mark 0.464ms
[2025-04-17T20:49:53.483+0800][0.799s] GC(3) Concurrent Mark Cycle 10.448ms
[2025-04-17T20:49:58.493+0800][5.810s] GC(4) Pause Young (Prepare Mixed) (Metadata GC Threshold)
[2025-04-17T20:49:58.493+0800][5.810s] GC(4) Using 8 workers of 8 for evacuation
[2025-04-17T20:49:58.496+0800][5.812s] GC(4)   Pre Evacuate Collection Set: 0.2ms
[2025-04-17T20:49:58.496+0800][5.812s] GC(4)   Merge Heap Roots: 0.0ms
[2025-04-17T20:49:58.496+0800][5.812s] GC(4)   Evacuate Collection Set: 1.8ms
[2025-04-17T20:49:58.496+0800][5.812s] GC(4)   Post Evacuate Collection Set: 0.3ms
[2025-04-17T20:49:58.496+0800][5.812s] GC(4)   Other: 0.0ms
[2025-04-17T20:49:58.496+0800][5.812s] GC(4) Eden regions: 69->0(301)
[2025-04-17T20:49:58.496+0800][5.812s] GC(4) Survivor regions: 1->6(11)
[2025-04-17T20:49:58.496+0800][5.812s] GC(4) Old regions: 23->23
[2025-04-17T20:49:58.496+0800][5.812s] GC(4) Humongous regions: 4->4
[2025-04-17T20:49:58.496+0800][5.812s] GC(4) Metaspace: 35938K(36288K)->35938K(36288K) NonClass: 31825K(32000K)->31825K(32000K) Class: 4112K(4288K)->4112K(4288K)
[2025-04-17T20:49:58.496+0800][5.812s] GC(4) Pause Young (Prepare Mixed) (Metadata GC Threshold) 94M->31M(512M) 2.486ms
[2025-04-17T20:49:58.496+0800][5.812s] GC(4) User=0.02s Sys=0.00s Real=0.00s
[2025-04-17T20:49:58.512+0800][5.828s] GC(5) Pause Young (Mixed) (Metadata GC Threshold)
[2025-04-17T20:49:58.512+0800][5.828s] GC(5) Using 8 workers of 8 for evacuation
[2025-04-17T20:49:58.514+0800][5.830s] GC(5)   Pre Evacuate Collection Set: 0.1ms
[2025-04-17T20:49:58.514+0800][5.830s] GC(5)   Merge Heap Roots: 0.0ms
[2025-04-17T20:49:58.514+0800][5.830s] GC(5)   Evacuate Collection Set: 1.4ms
[2025-04-17T20:49:58.514+0800][5.830s] GC(5)   Post Evacuate Collection Set: 0.3ms
[2025-04-17T20:49:58.514+0800][5.830s] GC(5)   Other: 0.0ms
[2025-04-17T20:49:58.514+0800][5.830s] GC(5) Eden regions: 3->0(301)
[2025-04-17T20:49:58.514+0800][5.830s] GC(5) Survivor regions: 6->6(39)
[2025-04-17T20:49:58.514+0800][5.830s] GC(5) Old regions: 23->22
[2025-04-17T20:49:58.514+0800][5.830s] GC(5) Humongous regions: 4->4
[2025-04-17T20:49:58.514+0800][5.830s] GC(5) Metaspace: 36305K(36608K)->36305K(36608K) NonClass: 32149K(32320K)->32149K(32320K) Class: 4155K(4288K)->4155K(4288K)
[2025-04-17T20:49:58.514+0800][5.830s] GC(5) Pause Young (Mixed) (Metadata GC Threshold) 33M->31M(512M) 1.983ms
[2025-04-17T20:49:58.514+0800][5.830s] GC(5) User=0.01s Sys=0.00s Real=0.00s
[2025-04-17T20:49:58.557+0800][5.873s] GC(6) Pause Young (Concurrent Start) (Metadata GC Threshold)
[2025-04-17T20:49:58.557+0800][5.873s] GC(6) Using 8 workers of 8 for evacuation
[2025-04-17T20:49:58.559+0800][5.876s] GC(6)   Pre Evacuate Collection Set: 0.1ms
[2025-04-17T20:49:58.559+0800][5.876s] GC(6)   Merge Heap Roots: 0.0ms
[2025-04-17T20:49:58.559+0800][5.876s] GC(6)   Evacuate Collection Set: 1.7ms
[2025-04-17T20:49:58.559+0800][5.876s] GC(6)   Post Evacuate Collection Set: 0.2ms
[2025-04-17T20:49:58.559+0800][5.876s] GC(6)   Other: 0.0ms
[2025-04-17T20:49:58.559+0800][5.876s] GC(6) Eden regions: 6->0(300)
[2025-04-17T20:49:58.560+0800][5.876s] GC(6) Survivor regions: 6->7(39)
[2025-04-17T20:49:58.560+0800][5.876s] GC(6) Old regions: 22->22
[2025-04-17T20:49:58.560+0800][5.876s] GC(6) Humongous regions: 4->4
[2025-04-17T20:49:58.560+0800][5.876s] GC(6) Metaspace: 36550K(36928K)->36550K(36928K) NonClass: 32366K(32576K)->32366K(32576K) Class: 4183K(4352K)->4183K(4352K)
[2025-04-17T20:49:58.560+0800][5.876s] GC(6) Pause Young (Concurrent Start) (Metadata GC Threshold) 36M->32M(512M) 2.243ms
[2025-04-17T20:49:58.560+0800][5.876s] GC(7) Concurrent Mark Cycle
[2025-04-17T20:49:58.560+0800][5.876s] GC(6) User=0.01s Sys=0.00s Real=0.01s
[2025-04-17T20:49:58.560+0800][5.876s] GC(7) Concurrent Scan Root Regions
[2025-04-17T20:49:58.561+0800][5.877s] GC(7) Concurrent Scan Root Regions 1.205ms
[2025-04-17T20:49:58.561+0800][5.877s] GC(7) Concurrent Mark
[2025-04-17T20:49:58.561+0800][5.877s] GC(7) Concurrent Mark From Roots
[2025-04-17T20:49:58.561+0800][5.877s] GC(7) Using 2 workers of 2 for marking
[2025-04-17T20:49:58.566+0800][5.883s] GC(7) Concurrent Mark From Roots 5.564ms
[2025-04-17T20:49:58.566+0800][5.883s] GC(7) Concurrent Preclean
[2025-04-17T20:49:58.566+0800][5.883s] GC(7) Concurrent Preclean 0.023ms
[2025-04-17T20:49:58.567+0800][5.883s] GC(7) Pause Remark
[2025-04-17T20:49:58.568+0800][5.884s] GC(7) Pause Remark 33M->33M(512M) 1.438ms
[2025-04-17T20:49:58.568+0800][5.884s] GC(7) User=0.01s Sys=0.00s Real=0.00s
[2025-04-17T20:49:58.568+0800][5.884s] GC(7) Concurrent Mark 7.266ms
[2025-04-17T20:49:58.568+0800][5.884s] GC(7) Concurrent Rebuild Remembered Sets and Scrub Regions
[2025-04-17T20:49:58.571+0800][5.887s] GC(7) Concurrent Rebuild Remembered Sets and Scrub Regions 2.762ms
[2025-04-17T20:49:58.571+0800][5.887s] GC(7) Pause Cleanup
[2025-04-17T20:49:58.571+0800][5.887s] GC(7) Pause Cleanup 34M->34M(512M) 0.073ms
[2025-04-17T20:49:58.571+0800][5.887s] GC(7) User=0.00s Sys=0.00s Real=0.00s
[2025-04-17T20:49:58.571+0800][5.887s] GC(7) Concurrent Clear Claimed Marks
[2025-04-17T20:49:58.571+0800][5.887s] GC(7) Concurrent Clear Claimed Marks 0.040ms
[2025-04-17T20:49:58.571+0800][5.887s] GC(7) Concurrent Cleanup for Next Mark
[2025-04-17T20:49:58.571+0800][5.888s] GC(7) Concurrent Cleanup for Next Mark 0.240ms
[2025-04-17T20:49:58.571+0800][5.888s] GC(7) Concurrent Mark Cycle 11.862ms
[2025-04-17T21:20:41.951+0800][1849.244s] GC(8) Pause Young (Prepare Mixed) (G1 Evacuation Pause)
[2025-04-17T21:20:41.951+0800][1849.244s] GC(8) Using 8 workers of 8 for evacuation
[2025-04-17T21:20:41.976+0800][1849.270s] GC(8)   Pre Evacuate Collection Set: 0.3ms
[2025-04-17T21:20:41.977+0800][1849.270s] GC(8)   Merge Heap Roots: 0.1ms
[2025-04-17T21:20:41.977+0800][1849.270s] GC(8)   Evacuate Collection Set: 24.5ms
[2025-04-17T21:20:41.977+0800][1849.270s] GC(8)   Post Evacuate Collection Set: 0.7ms
[2025-04-17T21:20:41.977+0800][1849.270s] GC(8)   Other: 0.1ms
[2025-04-17T21:20:41.977+0800][1849.270s] GC(8) Eden regions: 300->0(286)
[2025-04-17T21:20:41.977+0800][1849.270s] GC(8) Survivor regions: 7->21(39)
[2025-04-17T21:20:41.977+0800][1849.270s] GC(8) Old regions: 22->22
[2025-04-17T21:20:41.977+0800][1849.270s] GC(8) Humongous regions: 8->7
[2025-04-17T21:20:41.977+0800][1849.270s] GC(8) Metaspace: 52634K(53120K)->52634K(53120K) NonClass: 46532K(46784K)->46532K(46784K) Class: 6102K(6336K)->6102K(6336K)
[2025-04-17T21:20:41.977+0800][1849.270s] GC(8) Pause Young (Prepare Mixed) (G1 Evacuation Pause) 336M->49M(512M) 25.941ms
[2025-04-17T21:20:41.977+0800][1849.270s] GC(8) User=0.04s Sys=0.11s Real=0.02s
[2025-04-17T21:23:37.383+0800][2024.674s] Heap
[2025-04-17T21:23:37.384+0800][2024.675s]  garbage-first heap   total 524288K, used 69695K [0x00000007e0000000, 0x0000000800000000)
[2025-04-17T21:23:37.384+0800][2024.675s]   region size 1024K, 40 young (40960K), 21 survivors (21504K)
[2025-04-17T21:23:37.384+0800][2024.675s]  Metaspace       used 54313K, committed 54784K, reserved 1114112K
[2025-04-17T21:23:37.384+0800][2024.675s]   class space    used 6305K, committed 6528K, reserved 1048576K
