[2025-04-11T17:14:17.223+0800][0.005s] CardTable entry size: 512
[2025-04-11T17:14:17.223+0800][0.005s] Using G1
[2025-04-11T17:14:17.262+0800][0.044s] Version: 21+35-2513 (release)
[2025-04-11T17:14:17.262+0800][0.044s] CPUs: 8 total, 8 available
[2025-04-11T17:14:17.262+0800][0.044s] Memory: 16384M
[2025-04-11T17:14:17.262+0800][0.044s] Large Page Support: Disabled
[2025-04-11T17:14:17.262+0800][0.044s] NUMA Support: Disabled
[2025-04-11T17:14:17.262+0800][0.044s] Compressed Oops: Enabled (Zero based)
[2025-04-11T17:14:17.262+0800][0.044s] Heap Region Size: 1M
[2025-04-11T17:14:17.262+0800][0.044s] Heap Min Capacity: 512M
[2025-04-11T17:14:17.262+0800][0.044s] Heap Initial Capacity: 512M
[2025-04-11T17:14:17.262+0800][0.044s] Heap Max Capacity: 512M
[2025-04-11T17:14:17.262+0800][0.044s] Pre-touch: Enabled
[2025-04-11T17:14:17.262+0800][0.044s] Parallel Workers: 8
[2025-04-11T17:14:17.262+0800][0.044s] Concurrent Workers: 2
[2025-04-11T17:14:17.262+0800][0.044s] Concurrent Refinement Workers: 8
[2025-04-11T17:14:17.262+0800][0.044s] Periodic GC: Disabled
[2025-04-11T17:14:17.266+0800][0.049s] CDS archive(s) mapped at: [0x000000c800000000-0x000000c800ca4000-0x000000c800ca4000), size 13254656, SharedBaseAddress: 0x000000c800000000, ArchiveRelocationMode: 1.
[2025-04-11T17:14:17.266+0800][0.049s] Compressed class space mapped at: 0x000000c801000000-0x000000c841000000, reserved size: 1073741824
[2025-04-11T17:14:17.266+0800][0.049s] Narrow klass base: 0x000000c800000000, Narrow klass shift: 0, Narrow klass range: 0x100000000
[2025-04-11T17:14:17.621+0800][0.403s] GC(0) Pause Young (Normal) (G1 Evacuation Pause)
[2025-04-11T17:14:17.621+0800][0.403s] GC(0) Using 8 workers of 8 for evacuation
[2025-04-11T17:14:17.624+0800][0.406s] GC(0)   Pre Evacuate Collection Set: 0.1ms
[2025-04-11T17:14:17.624+0800][0.406s] GC(0)   Merge Heap Roots: 0.0ms
[2025-04-11T17:14:17.624+0800][0.406s] GC(0)   Evacuate Collection Set: 1.9ms
[2025-04-11T17:14:17.624+0800][0.406s] GC(0)   Post Evacuate Collection Set: 0.2ms
[2025-04-11T17:14:17.624+0800][0.406s] GC(0)   Other: 0.3ms
[2025-04-11T17:14:17.624+0800][0.406s] GC(0) Eden regions: 29->0(55)
[2025-04-11T17:14:17.624+0800][0.406s] GC(0) Survivor regions: 0->4(4)
[2025-04-11T17:14:17.624+0800][0.406s] GC(0) Old regions: 2->6
[2025-04-11T17:14:17.624+0800][0.406s] GC(0) Humongous regions: 4->4
[2025-04-11T17:14:17.624+0800][0.406s] GC(0) Metaspace: 10088K(10304K)->10088K(10304K) NonClass: 8918K(9024K)->8918K(9024K) Class: 1170K(1280K)->1170K(1280K)
[2025-04-11T17:14:17.624+0800][0.406s] GC(0) Pause Young (Normal) (G1 Evacuation Pause) 34M->12M(512M) 2.778ms
[2025-04-11T17:14:17.624+0800][0.406s] GC(0) User=0.02s Sys=0.00s Real=0.00s
[2025-04-11T17:14:17.943+0800][0.725s] GC(1) Pause Young (Normal) (G1 Evacuation Pause)
[2025-04-11T17:14:17.943+0800][0.725s] GC(1) Using 8 workers of 8 for evacuation
[2025-04-11T17:14:17.948+0800][0.730s] GC(1)   Pre Evacuate Collection Set: 0.1ms
[2025-04-11T17:14:17.948+0800][0.730s] GC(1)   Merge Heap Roots: 0.0ms
[2025-04-11T17:14:17.948+0800][0.730s] GC(1)   Evacuate Collection Set: 3.9ms
[2025-04-11T17:14:17.948+0800][0.730s] GC(1)   Post Evacuate Collection Set: 0.6ms
[2025-04-11T17:14:17.948+0800][0.730s] GC(1)   Other: 0.0ms
[2025-04-11T17:14:17.948+0800][0.730s] GC(1) Eden regions: 55->0(62)
[2025-04-11T17:14:17.948+0800][0.730s] GC(1) Survivor regions: 4->8(8)
[2025-04-11T17:14:17.948+0800][0.730s] GC(1) Old regions: 6->15
[2025-04-11T17:14:17.948+0800][0.730s] GC(1) Humongous regions: 4->4
[2025-04-11T17:14:17.948+0800][0.730s] GC(1) Metaspace: 17936K(18304K)->17936K(18304K) NonClass: 15892K(16128K)->15892K(16128K) Class: 2044K(2176K)->2044K(2176K)
[2025-04-11T17:14:17.948+0800][0.730s] GC(1) Pause Young (Normal) (G1 Evacuation Pause) 67M->25M(512M) 4.855ms
[2025-04-11T17:14:17.948+0800][0.730s] GC(1) User=0.03s Sys=0.00s Real=0.00s
[2025-04-11T17:14:18.029+0800][0.811s] GC(2) Pause Young (Concurrent Start) (Metadata GC Threshold)
[2025-04-11T17:14:18.029+0800][0.811s] GC(2) Using 8 workers of 8 for evacuation
[2025-04-11T17:14:18.032+0800][0.814s] GC(2)   Pre Evacuate Collection Set: 0.1ms
[2025-04-11T17:14:18.032+0800][0.814s] GC(2)   Merge Heap Roots: 0.0ms
[2025-04-11T17:14:18.032+0800][0.814s] GC(2)   Evacuate Collection Set: 2.0ms
[2025-04-11T17:14:18.032+0800][0.814s] GC(2)   Post Evacuate Collection Set: 0.2ms
[2025-04-11T17:14:18.032+0800][0.814s] GC(2)   Other: 0.0ms
[2025-04-11T17:14:18.032+0800][0.814s] GC(2) Eden regions: 18->0(79)
[2025-04-11T17:14:18.032+0800][0.814s] GC(2) Survivor regions: 8->1(9)
[2025-04-11T17:14:18.032+0800][0.814s] GC(2) Old regions: 15->24
[2025-04-11T17:14:18.032+0800][0.814s] GC(2) Humongous regions: 4->4
[2025-04-11T17:14:18.032+0800][0.814s] GC(2) Metaspace: 21210K(21504K)->21210K(21504K) NonClass: 18795K(18944K)->18795K(18944K) Class: 2415K(2560K)->2415K(2560K)
[2025-04-11T17:14:18.032+0800][0.814s] GC(2) Pause Young (Concurrent Start) (Metadata GC Threshold) 43M->27M(512M) 2.490ms
[2025-04-11T17:14:18.032+0800][0.814s] GC(3) Concurrent Mark Cycle
[2025-04-11T17:14:18.032+0800][0.814s] GC(2) User=0.01s Sys=0.00s Real=0.01s
[2025-04-11T17:14:18.032+0800][0.814s] GC(3) Concurrent Scan Root Regions
[2025-04-11T17:14:18.033+0800][0.815s] GC(3) Concurrent Scan Root Regions 0.850ms
[2025-04-11T17:14:18.033+0800][0.815s] GC(3) Concurrent Mark
[2025-04-11T17:14:18.033+0800][0.815s] GC(3) Concurrent Mark From Roots
[2025-04-11T17:14:18.033+0800][0.815s] GC(3) Using 2 workers of 2 for marking
[2025-04-11T17:14:18.037+0800][0.819s] GC(3) Concurrent Mark From Roots 4.516ms
[2025-04-11T17:14:18.037+0800][0.819s] GC(3) Concurrent Preclean
[2025-04-11T17:14:18.037+0800][0.819s] GC(3) Concurrent Preclean 0.021ms
[2025-04-11T17:14:18.037+0800][0.819s] GC(3) Pause Remark
[2025-04-11T17:14:18.038+0800][0.820s] GC(3) Pause Remark 28M->28M(512M) 1.038ms
[2025-04-11T17:14:18.038+0800][0.820s] GC(3) User=0.01s Sys=0.00s Real=0.00s
[2025-04-11T17:14:18.038+0800][0.820s] GC(3) Concurrent Mark 5.693ms
[2025-04-11T17:14:18.038+0800][0.820s] GC(3) Concurrent Rebuild Remembered Sets and Scrub Regions
[2025-04-11T17:14:18.041+0800][0.824s] GC(3) Concurrent Rebuild Remembered Sets and Scrub Regions 3.170ms
[2025-04-11T17:14:18.042+0800][0.824s] GC(3) Pause Cleanup
[2025-04-11T17:14:18.042+0800][0.824s] GC(3) Pause Cleanup 29M->29M(512M) 0.077ms
[2025-04-11T17:14:18.042+0800][0.824s] GC(3) User=0.00s Sys=0.00s Real=0.00s
[2025-04-11T17:14:18.042+0800][0.824s] GC(3) Concurrent Clear Claimed Marks
[2025-04-11T17:14:18.042+0800][0.824s] GC(3) Concurrent Clear Claimed Marks 0.018ms
[2025-04-11T17:14:18.042+0800][0.824s] GC(3) Concurrent Cleanup for Next Mark
[2025-04-11T17:14:18.042+0800][0.824s] GC(3) Concurrent Cleanup for Next Mark 0.398ms
[2025-04-11T17:14:18.042+0800][0.824s] GC(3) Concurrent Mark Cycle 10.318ms
[2025-04-11T17:14:18.635+0800][1.418s] GC(4) Pause Young (Prepare Mixed) (G1 Evacuation Pause)
[2025-04-11T17:14:18.635+0800][1.418s] GC(4) Using 8 workers of 8 for evacuation
[2025-04-11T17:14:18.638+0800][1.420s] GC(4)   Pre Evacuate Collection Set: 0.1ms
[2025-04-11T17:14:18.638+0800][1.420s] GC(4)   Merge Heap Roots: 0.0ms
[2025-04-11T17:14:18.638+0800][1.420s] GC(4)   Evacuate Collection Set: 2.0ms
[2025-04-11T17:14:18.638+0800][1.420s] GC(4)   Post Evacuate Collection Set: 0.3ms
[2025-04-11T17:14:18.638+0800][1.420s] GC(4)   Other: 0.0ms
[2025-04-11T17:14:18.638+0800][1.420s] GC(4) Eden regions: 81->0(301)
[2025-04-11T17:14:18.638+0800][1.420s] GC(4) Survivor regions: 1->6(11)
[2025-04-11T17:14:18.638+0800][1.420s] GC(4) Old regions: 24->24
[2025-04-11T17:14:18.638+0800][1.420s] GC(4) Humongous regions: 4->4
[2025-04-11T17:14:18.638+0800][1.420s] GC(4) Metaspace: 35921K(36288K)->35921K(36288K) NonClass: 31841K(32064K)->31841K(32064K) Class: 4079K(4224K)->4079K(4224K)
[2025-04-11T17:14:18.638+0800][1.420s] GC(4) Pause Young (Prepare Mixed) (G1 Evacuation Pause) 108M->32M(512M) 2.598ms
[2025-04-11T17:14:18.638+0800][1.420s] GC(4) User=0.01s Sys=0.00s Real=0.00s
[2025-04-11T17:14:18.639+0800][1.421s] GC(5) Pause Young (Mixed) (Metadata GC Threshold)
[2025-04-11T17:14:18.639+0800][1.421s] GC(5) Using 8 workers of 8 for evacuation
[2025-04-11T17:14:18.641+0800][1.423s] GC(5)   Pre Evacuate Collection Set: 0.1ms
[2025-04-11T17:14:18.641+0800][1.423s] GC(5)   Merge Heap Roots: 0.0ms
[2025-04-11T17:14:18.641+0800][1.423s] GC(5)   Evacuate Collection Set: 1.3ms
[2025-04-11T17:14:18.641+0800][1.423s] GC(5)   Post Evacuate Collection Set: 0.2ms
[2025-04-11T17:14:18.641+0800][1.423s] GC(5)   Other: 0.0ms
[2025-04-11T17:14:18.641+0800][1.423s] GC(5) Eden regions: 1->0(301)
[2025-04-11T17:14:18.641+0800][1.423s] GC(5) Survivor regions: 6->6(39)
[2025-04-11T17:14:18.641+0800][1.423s] GC(5) Old regions: 24->23
[2025-04-11T17:14:18.641+0800][1.423s] GC(5) Humongous regions: 4->4
[2025-04-11T17:14:18.641+0800][1.423s] GC(5) Metaspace: 35957K(36288K)->35957K(36288K) NonClass: 31872K(32064K)->31872K(32064K) Class: 4085K(4224K)->4085K(4224K)
[2025-04-11T17:14:18.641+0800][1.423s] GC(5) Pause Young (Mixed) (Metadata GC Threshold) 33M->32M(512M) 1.818ms
[2025-04-11T17:14:18.641+0800][1.423s] GC(5) User=0.01s Sys=0.00s Real=0.01s
[2025-04-11T17:14:18.652+0800][1.435s] GC(6) Pause Young (Concurrent Start) (Metadata GC Threshold)
[2025-04-11T17:14:18.652+0800][1.435s] GC(6) Using 8 workers of 8 for evacuation
[2025-04-11T17:14:18.655+0800][1.437s] GC(6)   Pre Evacuate Collection Set: 0.1ms
[2025-04-11T17:14:18.655+0800][1.437s] GC(6)   Merge Heap Roots: 0.0ms
[2025-04-11T17:14:18.655+0800][1.437s] GC(6)   Evacuate Collection Set: 1.7ms
[2025-04-11T17:14:18.655+0800][1.437s] GC(6)   Post Evacuate Collection Set: 0.3ms
[2025-04-11T17:14:18.655+0800][1.437s] GC(6)   Other: 0.0ms
[2025-04-11T17:14:18.655+0800][1.437s] GC(6) Eden regions: 3->0(301)
[2025-04-11T17:14:18.655+0800][1.437s] GC(6) Survivor regions: 6->6(39)
[2025-04-11T17:14:18.655+0800][1.437s] GC(6) Old regions: 23->23
[2025-04-11T17:14:18.655+0800][1.437s] GC(6) Humongous regions: 4->4
[2025-04-11T17:14:18.655+0800][1.437s] GC(6) Metaspace: 36270K(36608K)->36270K(36608K) NonClass: 32129K(32320K)->32129K(32320K) Class: 4140K(4288K)->4140K(4288K)
[2025-04-11T17:14:18.655+0800][1.437s] GC(6) Pause Young (Concurrent Start) (Metadata GC Threshold) 34M->32M(512M) 2.308ms
[2025-04-11T17:14:18.655+0800][1.437s] GC(7) Concurrent Mark Cycle
[2025-04-11T17:14:18.655+0800][1.437s] GC(6) User=0.01s Sys=0.01s Real=0.00s
[2025-04-11T17:14:18.655+0800][1.437s] GC(7) Concurrent Scan Root Regions
[2025-04-11T17:14:18.656+0800][1.438s] GC(7) Concurrent Scan Root Regions 1.315ms
[2025-04-11T17:14:18.656+0800][1.438s] GC(7) Concurrent Mark
[2025-04-11T17:14:18.656+0800][1.438s] GC(7) Concurrent Mark From Roots
[2025-04-11T17:14:18.656+0800][1.438s] GC(7) Using 2 workers of 2 for marking
[2025-04-11T17:14:18.662+0800][1.444s] GC(7) Concurrent Mark From Roots 5.748ms
[2025-04-11T17:14:18.662+0800][1.444s] GC(7) Concurrent Preclean
[2025-04-11T17:14:18.662+0800][1.444s] GC(7) Concurrent Preclean 0.032ms
[2025-04-11T17:14:18.662+0800][1.444s] GC(7) Pause Remark
[2025-04-11T17:14:18.663+0800][1.446s] GC(7) Pause Remark 33M->33M(512M) 1.507ms
[2025-04-11T17:14:18.663+0800][1.446s] GC(7) User=0.01s Sys=0.00s Real=0.00s
[2025-04-11T17:14:18.663+0800][1.446s] GC(7) Concurrent Mark 7.418ms
[2025-04-11T17:14:18.663+0800][1.446s] GC(7) Concurrent Rebuild Remembered Sets and Scrub Regions
[2025-04-11T17:14:18.666+0800][1.448s] GC(7) Concurrent Rebuild Remembered Sets and Scrub Regions 2.763ms
[2025-04-11T17:14:18.666+0800][1.448s] GC(7) Pause Cleanup
[2025-04-11T17:14:18.666+0800][1.449s] GC(7) Pause Cleanup 34M->34M(512M) 0.075ms
[2025-04-11T17:14:18.666+0800][1.449s] GC(7) User=0.00s Sys=0.00s Real=0.00s
[2025-04-11T17:14:18.666+0800][1.449s] GC(7) Concurrent Clear Claimed Marks
[2025-04-11T17:14:18.666+0800][1.449s] GC(7) Concurrent Clear Claimed Marks 0.029ms
[2025-04-11T17:14:18.666+0800][1.449s] GC(7) Concurrent Cleanup for Next Mark
[2025-04-11T17:14:18.667+0800][1.449s] GC(7) Concurrent Cleanup for Next Mark 0.232ms
[2025-04-11T17:14:18.667+0800][1.449s] GC(7) Concurrent Mark Cycle 11.986ms
[2025-04-11T18:24:43.592+0800][4226.376s] Heap
[2025-04-11T18:24:43.592+0800][4226.377s]  garbage-first heap   total 524288K, used 193127K [0x00000007e0000000, 0x0000000800000000)
[2025-04-11T18:24:43.592+0800][4226.377s]   region size 1024K, 159 young (162816K), 6 survivors (6144K)
[2025-04-11T18:24:43.592+0800][4226.377s]  Metaspace       used 52926K, committed 53440K, reserved 1114112K
[2025-04-11T18:24:43.592+0800][4226.377s]   class space    used 6216K, committed 6400K, reserved 1048576K
