[2025-04-18T12:12:55.462+0800][0.005s] CardTable entry size: 512
[2025-04-18T12:12:55.462+0800][0.005s] Using G1
[2025-04-18T12:12:55.524+0800][0.067s] Version: 21+35-2513 (release)
[2025-04-18T12:12:55.524+0800][0.067s] CPUs: 8 total, 8 available
[2025-04-18T12:12:55.524+0800][0.067s] Memory: 16384M
[2025-04-18T12:12:55.524+0800][0.067s] Large Page Support: Disabled
[2025-04-18T12:12:55.524+0800][0.067s] NUMA Support: Disabled
[2025-04-18T12:12:55.524+0800][0.067s] Compressed Oops: Enabled (Zero based)
[2025-04-18T12:12:55.524+0800][0.067s] Heap Region Size: 1M
[2025-04-18T12:12:55.524+0800][0.067s] Heap Min Capacity: 512M
[2025-04-18T12:12:55.524+0800][0.067s] Heap Initial Capacity: 512M
[2025-04-18T12:12:55.524+0800][0.067s] Heap Max Capacity: 512M
[2025-04-18T12:12:55.524+0800][0.067s] Pre-touch: Enabled
[2025-04-18T12:12:55.524+0800][0.067s] Parallel Workers: 8
[2025-04-18T12:12:55.525+0800][0.067s] Concurrent Workers: 2
[2025-04-18T12:12:55.525+0800][0.067s] Concurrent Refinement Workers: 8
[2025-04-18T12:12:55.525+0800][0.067s] Periodic GC: Disabled
[2025-04-18T12:12:55.529+0800][0.072s] CDS archive(s) mapped at: [0x000000a800000000-0x000000a800ca4000-0x000000a800ca4000), size 13254656, SharedBaseAddress: 0x000000a800000000, ArchiveRelocationMode: 1.
[2025-04-18T12:12:55.529+0800][0.072s] Compressed class space mapped at: 0x000000a801000000-0x000000a841000000, reserved size: 1073741824
[2025-04-18T12:12:55.529+0800][0.072s] Narrow klass base: 0x000000a800000000, Narrow klass shift: 0, Narrow klass range: 0x100000000
[2025-04-18T12:12:55.919+0800][0.462s] GC(0) Pause Young (Normal) (G1 Evacuation Pause)
[2025-04-18T12:12:55.919+0800][0.462s] GC(0) Using 8 workers of 8 for evacuation
[2025-04-18T12:12:55.922+0800][0.465s] GC(0)   Pre Evacuate Collection Set: 0.1ms
[2025-04-18T12:12:55.922+0800][0.465s] GC(0)   Merge Heap Roots: 0.1ms
[2025-04-18T12:12:55.922+0800][0.465s] GC(0)   Evacuate Collection Set: 2.1ms
[2025-04-18T12:12:55.922+0800][0.465s] GC(0)   Post Evacuate Collection Set: 0.2ms
[2025-04-18T12:12:55.922+0800][0.465s] GC(0)   Other: 0.2ms
[2025-04-18T12:12:55.922+0800][0.465s] GC(0) Eden regions: 29->0(55)
[2025-04-18T12:12:55.922+0800][0.465s] GC(0) Survivor regions: 0->4(4)
[2025-04-18T12:12:55.922+0800][0.465s] GC(0) Old regions: 2->5
[2025-04-18T12:12:55.922+0800][0.465s] GC(0) Humongous regions: 4->4
[2025-04-18T12:12:55.922+0800][0.465s] GC(0) Metaspace: 10070K(10304K)->10070K(10304K) NonClass: 8903K(9024K)->8903K(9024K) Class: 1167K(1280K)->1167K(1280K)
[2025-04-18T12:12:55.922+0800][0.465s] GC(0) Pause Young (Normal) (G1 Evacuation Pause) 34M->11M(512M) 3.397ms
[2025-04-18T12:12:55.922+0800][0.465s] GC(0) User=0.01s Sys=0.00s Real=0.01s
[2025-04-18T12:12:56.303+0800][0.846s] GC(1) Pause Young (Normal) (G1 Evacuation Pause)
[2025-04-18T12:12:56.303+0800][0.846s] GC(1) Using 8 workers of 8 for evacuation
[2025-04-18T12:12:56.307+0800][0.850s] GC(1)   Pre Evacuate Collection Set: 0.1ms
[2025-04-18T12:12:56.307+0800][0.850s] GC(1)   Merge Heap Roots: 0.0ms
[2025-04-18T12:12:56.307+0800][0.850s] GC(1)   Evacuate Collection Set: 3.8ms
[2025-04-18T12:12:56.307+0800][0.850s] GC(1)   Post Evacuate Collection Set: 0.6ms
[2025-04-18T12:12:56.307+0800][0.850s] GC(1)   Other: 0.1ms
[2025-04-18T12:12:56.307+0800][0.850s] GC(1) Eden regions: 55->0(62)
[2025-04-18T12:12:56.307+0800][0.850s] GC(1) Survivor regions: 4->8(8)
[2025-04-18T12:12:56.307+0800][0.850s] GC(1) Old regions: 5->14
[2025-04-18T12:12:56.307+0800][0.850s] GC(1) Humongous regions: 4->4
[2025-04-18T12:12:56.307+0800][0.850s] GC(1) Metaspace: 17861K(18176K)->17861K(18176K) NonClass: 15828K(16000K)->15828K(16000K) Class: 2032K(2176K)->2032K(2176K)
[2025-04-18T12:12:56.307+0800][0.850s] GC(1) Pause Young (Normal) (G1 Evacuation Pause) 66M->24M(512M) 4.774ms
[2025-04-18T12:12:56.307+0800][0.850s] GC(1) User=0.03s Sys=0.01s Real=0.00s
[2025-04-18T12:12:56.410+0800][0.953s] GC(2) Pause Young (Concurrent Start) (Metadata GC Threshold)
[2025-04-18T12:12:56.410+0800][0.953s] GC(2) Using 8 workers of 8 for evacuation
[2025-04-18T12:12:56.412+0800][0.955s] GC(2)   Pre Evacuate Collection Set: 0.1ms
[2025-04-18T12:12:56.413+0800][0.955s] GC(2)   Merge Heap Roots: 0.0ms
[2025-04-18T12:12:56.413+0800][0.955s] GC(2)   Evacuate Collection Set: 2.3ms
[2025-04-18T12:12:56.413+0800][0.955s] GC(2)   Post Evacuate Collection Set: 0.2ms
[2025-04-18T12:12:56.413+0800][0.955s] GC(2)   Other: 0.0ms
[2025-04-18T12:12:56.413+0800][0.956s] GC(2) Eden regions: 19->0(88)
[2025-04-18T12:12:56.413+0800][0.956s] GC(2) Survivor regions: 8->1(9)
[2025-04-18T12:12:56.413+0800][0.956s] GC(2) Old regions: 14->23
[2025-04-18T12:12:56.413+0800][0.956s] GC(2) Humongous regions: 4->4
[2025-04-18T12:12:56.413+0800][0.956s] GC(2) Metaspace: 21190K(21504K)->21190K(21504K) NonClass: 18777K(18944K)->18777K(18944K) Class: 2412K(2560K)->2412K(2560K)
[2025-04-18T12:12:56.413+0800][0.956s] GC(2) Pause Young (Concurrent Start) (Metadata GC Threshold) 43M->26M(512M) 2.843ms
[2025-04-18T12:12:56.413+0800][0.956s] GC(3) Concurrent Mark Cycle
[2025-04-18T12:12:56.413+0800][0.956s] GC(2) User=0.01s Sys=0.00s Real=0.00s
[2025-04-18T12:12:56.413+0800][0.956s] GC(3) Concurrent Scan Root Regions
[2025-04-18T12:12:56.413+0800][0.956s] GC(3) Concurrent Scan Root Regions 0.865ms
[2025-04-18T12:12:56.413+0800][0.956s] GC(3) Concurrent Mark
[2025-04-18T12:12:56.414+0800][0.956s] GC(3) Concurrent Mark From Roots
[2025-04-18T12:12:56.414+0800][0.956s] GC(3) Using 2 workers of 2 for marking
[2025-04-18T12:12:56.418+0800][0.961s] GC(3) Concurrent Mark From Roots 4.543ms
[2025-04-18T12:12:56.418+0800][0.961s] GC(3) Concurrent Preclean
[2025-04-18T12:12:56.418+0800][0.961s] GC(3) Concurrent Preclean 0.030ms
[2025-04-18T12:12:56.418+0800][0.961s] GC(3) Pause Remark
[2025-04-18T12:12:56.419+0800][0.962s] GC(3) Pause Remark 27M->27M(512M) 1.020ms
[2025-04-18T12:12:56.419+0800][0.962s] GC(3) User=0.00s Sys=0.00s Real=0.00s
[2025-04-18T12:12:56.419+0800][0.962s] GC(3) Concurrent Mark 6.002ms
[2025-04-18T12:12:56.420+0800][0.962s] GC(3) Concurrent Rebuild Remembered Sets and Scrub Regions
[2025-04-18T12:12:56.422+0800][0.965s] GC(3) Concurrent Rebuild Remembered Sets and Scrub Regions 2.749ms
[2025-04-18T12:12:56.422+0800][0.965s] GC(3) Pause Cleanup
[2025-04-18T12:12:56.422+0800][0.965s] GC(3) Pause Cleanup 28M->28M(512M) 0.072ms
[2025-04-18T12:12:56.422+0800][0.965s] GC(3) User=0.00s Sys=0.00s Real=0.00s
[2025-04-18T12:12:56.422+0800][0.965s] GC(3) Concurrent Clear Claimed Marks
[2025-04-18T12:12:56.422+0800][0.965s] GC(3) Concurrent Clear Claimed Marks 0.043ms
[2025-04-18T12:12:56.422+0800][0.965s] GC(3) Concurrent Cleanup for Next Mark
[2025-04-18T12:12:56.423+0800][0.966s] GC(3) Concurrent Cleanup for Next Mark 0.467ms
[2025-04-18T12:12:56.423+0800][0.966s] GC(3) Concurrent Mark Cycle 10.374ms
[2025-04-18T12:12:56.989+0800][1.532s] GC(4) Pause Young (Prepare Mixed) (Metadata GC Threshold)
[2025-04-18T12:12:56.989+0800][1.532s] GC(4) Using 8 workers of 8 for evacuation
[2025-04-18T12:12:56.992+0800][1.535s] GC(4)   Pre Evacuate Collection Set: 0.1ms
[2025-04-18T12:12:56.992+0800][1.535s] GC(4)   Merge Heap Roots: 0.0ms
[2025-04-18T12:12:56.992+0800][1.535s] GC(4)   Evacuate Collection Set: 2.4ms
[2025-04-18T12:12:56.992+0800][1.535s] GC(4)   Post Evacuate Collection Set: 0.3ms
[2025-04-18T12:12:56.992+0800][1.535s] GC(4)   Other: 0.0ms
[2025-04-18T12:12:56.992+0800][1.535s] GC(4) Eden regions: 69->0(301)
[2025-04-18T12:12:56.992+0800][1.535s] GC(4) Survivor regions: 1->6(12)
[2025-04-18T12:12:56.992+0800][1.535s] GC(4) Old regions: 23->23
[2025-04-18T12:12:56.992+0800][1.535s] GC(4) Humongous regions: 4->4
[2025-04-18T12:12:56.992+0800][1.535s] GC(4) Metaspace: 35985K(36288K)->35985K(36288K) NonClass: 31893K(32064K)->31893K(32064K) Class: 4092K(4224K)->4092K(4224K)
[2025-04-18T12:12:56.992+0800][1.535s] GC(4) Pause Young (Prepare Mixed) (Metadata GC Threshold) 94M->31M(512M) 3.073ms
[2025-04-18T12:12:56.992+0800][1.535s] GC(4) User=0.01s Sys=0.00s Real=0.01s
[2025-04-18T12:12:57.006+0800][1.549s] GC(5) Pause Young (Mixed) (Metadata GC Threshold)
[2025-04-18T12:12:57.006+0800][1.549s] GC(5) Using 8 workers of 8 for evacuation
[2025-04-18T12:12:57.008+0800][1.551s] GC(5)   Pre Evacuate Collection Set: 0.1ms
[2025-04-18T12:12:57.008+0800][1.551s] GC(5)   Merge Heap Roots: 0.0ms
[2025-04-18T12:12:57.008+0800][1.551s] GC(5)   Evacuate Collection Set: 1.6ms
[2025-04-18T12:12:57.008+0800][1.551s] GC(5)   Post Evacuate Collection Set: 0.3ms
[2025-04-18T12:12:57.008+0800][1.551s] GC(5)   Other: 0.0ms
[2025-04-18T12:12:57.008+0800][1.551s] GC(5) Eden regions: 3->0(301)
[2025-04-18T12:12:57.008+0800][1.551s] GC(5) Survivor regions: 6->6(39)
[2025-04-18T12:12:57.008+0800][1.551s] GC(5) Old regions: 23->22
[2025-04-18T12:12:57.008+0800][1.551s] GC(5) Humongous regions: 4->4
[2025-04-18T12:12:57.008+0800][1.551s] GC(5) Metaspace: 36304K(36608K)->36304K(36608K) NonClass: 32147K(32320K)->32147K(32320K) Class: 4156K(4288K)->4156K(4288K)
[2025-04-18T12:12:57.008+0800][1.551s] GC(5) Pause Young (Mixed) (Metadata GC Threshold) 33M->31M(512M) 2.221ms
[2025-04-18T12:12:57.008+0800][1.551s] GC(5) User=0.01s Sys=0.00s Real=0.00s
[2025-04-18T12:12:57.017+0800][1.560s] GC(6) Pause Young (Concurrent Start) (Metadata GC Threshold)
[2025-04-18T12:12:57.017+0800][1.560s] GC(6) Using 8 workers of 8 for evacuation
[2025-04-18T12:12:57.019+0800][1.562s] GC(6)   Pre Evacuate Collection Set: 0.2ms
[2025-04-18T12:12:57.020+0800][1.562s] GC(6)   Merge Heap Roots: 0.0ms
[2025-04-18T12:12:57.020+0800][1.562s] GC(6)   Evacuate Collection Set: 1.7ms
[2025-04-18T12:12:57.020+0800][1.562s] GC(6)   Post Evacuate Collection Set: 0.2ms
[2025-04-18T12:12:57.020+0800][1.562s] GC(6)   Other: 0.0ms
[2025-04-18T12:12:57.020+0800][1.562s] GC(6) Eden regions: 2->0(301)
[2025-04-18T12:12:57.020+0800][1.562s] GC(6) Survivor regions: 6->6(39)
[2025-04-18T12:12:57.020+0800][1.562s] GC(6) Old regions: 22->22
[2025-04-18T12:12:57.020+0800][1.562s] GC(6) Humongous regions: 4->4
[2025-04-18T12:12:57.020+0800][1.563s] GC(6) Metaspace: 36626K(36928K)->36626K(36928K) NonClass: 32411K(32576K)->32411K(32576K) Class: 4214K(4352K)->4214K(4352K)
[2025-04-18T12:12:57.020+0800][1.563s] GC(6) Pause Young (Concurrent Start) (Metadata GC Threshold) 33M->31M(512M) 2.322ms
[2025-04-18T12:12:57.020+0800][1.563s] GC(7) Concurrent Mark Cycle
[2025-04-18T12:12:57.020+0800][1.563s] GC(6) User=0.02s Sys=0.00s Real=0.01s
[2025-04-18T12:12:57.020+0800][1.563s] GC(7) Concurrent Scan Root Regions
[2025-04-18T12:12:57.021+0800][1.564s] GC(7) Concurrent Scan Root Regions 1.330ms
[2025-04-18T12:12:57.021+0800][1.564s] GC(7) Concurrent Mark
[2025-04-18T12:12:57.021+0800][1.564s] GC(7) Concurrent Mark From Roots
[2025-04-18T12:12:57.021+0800][1.564s] GC(7) Using 2 workers of 2 for marking
[2025-04-18T12:12:57.027+0800][1.569s] GC(7) Concurrent Mark From Roots 5.593ms
[2025-04-18T12:12:57.027+0800][1.570s] GC(7) Concurrent Preclean
[2025-04-18T12:12:57.027+0800][1.570s] GC(7) Concurrent Preclean 0.034ms
[2025-04-18T12:12:57.027+0800][1.570s] GC(7) Pause Remark
[2025-04-18T12:12:57.028+0800][1.571s] GC(7) Pause Remark 33M->33M(512M) 1.411ms
[2025-04-18T12:12:57.028+0800][1.571s] GC(7) User=0.01s Sys=0.00s Real=0.00s
[2025-04-18T12:12:57.028+0800][1.571s] GC(7) Concurrent Mark 7.142ms
[2025-04-18T12:12:57.028+0800][1.571s] GC(7) Concurrent Rebuild Remembered Sets and Scrub Regions
[2025-04-18T12:12:57.031+0800][1.574s] GC(7) Concurrent Rebuild Remembered Sets and Scrub Regions 2.875ms
[2025-04-18T12:12:57.031+0800][1.574s] GC(7) Pause Cleanup
[2025-04-18T12:12:57.031+0800][1.574s] GC(7) Pause Cleanup 34M->34M(512M) 0.074ms
[2025-04-18T12:12:57.031+0800][1.574s] GC(7) User=0.00s Sys=0.00s Real=0.00s
[2025-04-18T12:12:57.031+0800][1.574s] GC(7) Concurrent Clear Claimed Marks
[2025-04-18T12:12:57.031+0800][1.574s] GC(7) Concurrent Clear Claimed Marks 0.019ms
[2025-04-18T12:12:57.031+0800][1.574s] GC(7) Concurrent Cleanup for Next Mark
[2025-04-18T12:12:57.031+0800][1.574s] GC(7) Concurrent Cleanup for Next Mark 0.230ms
[2025-04-18T12:12:57.031+0800][1.574s] GC(7) Concurrent Mark Cycle 11.859ms
[2025-04-18T12:31:24.948+0800][1109.533s] Heap
[2025-04-18T12:31:24.948+0800][1109.533s]  garbage-first heap   total 524288K, used 259115K [0x00000007e0000000, 0x0000000800000000)
[2025-04-18T12:31:24.948+0800][1109.533s]   region size 1024K, 224 young (229376K), 6 survivors (6144K)
[2025-04-18T12:31:24.948+0800][1109.533s]  Metaspace       used 52808K, committed 53248K, reserved 1114112K
[2025-04-18T12:31:24.948+0800][1109.533s]   class space    used 6210K, committed 6400K, reserved 1048576K
