[2025-04-19T16:04:31.135+0800][0.006s] CardTable entry size: 512
[2025-04-19T16:04:31.135+0800][0.006s] Using G1
[2025-04-19T16:04:31.208+0800][0.079s] Version: 21+35-2513 (release)
[2025-04-19T16:04:31.208+0800][0.079s] CPUs: 8 total, 8 available
[2025-04-19T16:04:31.208+0800][0.079s] Memory: 16384M
[2025-04-19T16:04:31.208+0800][0.079s] Large Page Support: Disabled
[2025-04-19T16:04:31.208+0800][0.079s] NUMA Support: Disabled
[2025-04-19T16:04:31.208+0800][0.079s] Compressed Oops: Enabled (Zero based)
[2025-04-19T16:04:31.208+0800][0.079s] Heap Region Size: 1M
[2025-04-19T16:04:31.208+0800][0.079s] Heap Min Capacity: 512M
[2025-04-19T16:04:31.208+0800][0.079s] Heap Initial Capacity: 512M
[2025-04-19T16:04:31.208+0800][0.079s] Heap Max Capacity: 512M
[2025-04-19T16:04:31.208+0800][0.079s] Pre-touch: Enabled
[2025-04-19T16:04:31.208+0800][0.079s] Parallel Workers: 8
[2025-04-19T16:04:31.208+0800][0.079s] Concurrent Workers: 2
[2025-04-19T16:04:31.208+0800][0.079s] Concurrent Refinement Workers: 8
[2025-04-19T16:04:31.208+0800][0.079s] Periodic GC: Disabled
[2025-04-19T16:04:31.213+0800][0.084s] CDS archive(s) mapped at: [0x0000007000000000-0x0000007000ca4000-0x0000007000ca4000), size 13254656, SharedBaseAddress: 0x0000007000000000, ArchiveRelocationMode: 1.
[2025-04-19T16:04:31.213+0800][0.084s] Compressed class space mapped at: 0x0000007001000000-0x0000007041000000, reserved size: 1073741824
[2025-04-19T16:04:31.213+0800][0.084s] Narrow klass base: 0x0000007000000000, Narrow klass shift: 0, Narrow klass range: 0x100000000
[2025-04-19T16:04:31.625+0800][0.497s] GC(0) Pause Young (Normal) (G1 Evacuation Pause)
[2025-04-19T16:04:31.626+0800][0.497s] GC(0) Using 8 workers of 8 for evacuation
[2025-04-19T16:04:31.629+0800][0.500s] GC(0)   Pre Evacuate Collection Set: 0.1ms
[2025-04-19T16:04:31.629+0800][0.500s] GC(0)   Merge Heap Roots: 0.0ms
[2025-04-19T16:04:31.629+0800][0.500s] GC(0)   Evacuate Collection Set: 2.6ms
[2025-04-19T16:04:31.629+0800][0.500s] GC(0)   Post Evacuate Collection Set: 0.2ms
[2025-04-19T16:04:31.629+0800][0.500s] GC(0)   Other: 0.2ms
[2025-04-19T16:04:31.629+0800][0.500s] GC(0) Eden regions: 29->0(55)
[2025-04-19T16:04:31.629+0800][0.500s] GC(0) Survivor regions: 0->4(4)
[2025-04-19T16:04:31.629+0800][0.500s] GC(0) Old regions: 2->5
[2025-04-19T16:04:31.629+0800][0.500s] GC(0) Humongous regions: 4->4
[2025-04-19T16:04:31.629+0800][0.500s] GC(0) Metaspace: 10077K(10304K)->10077K(10304K) NonClass: 8908K(9024K)->8908K(9024K) Class: 1169K(1280K)->1169K(1280K)
[2025-04-19T16:04:31.629+0800][0.500s] GC(0) Pause Young (Normal) (G1 Evacuation Pause) 34M->11M(512M) 3.837ms
[2025-04-19T16:04:31.629+0800][0.500s] GC(0) User=0.01s Sys=0.00s Real=0.00s
[2025-04-19T16:04:32.027+0800][0.899s] GC(1) Pause Young (Normal) (G1 Evacuation Pause)
[2025-04-19T16:04:32.028+0800][0.899s] GC(1) Using 8 workers of 8 for evacuation
[2025-04-19T16:04:32.031+0800][0.903s] GC(1)   Pre Evacuate Collection Set: 0.1ms
[2025-04-19T16:04:32.031+0800][0.903s] GC(1)   Merge Heap Roots: 0.1ms
[2025-04-19T16:04:32.031+0800][0.903s] GC(1)   Evacuate Collection Set: 3.1ms
[2025-04-19T16:04:32.031+0800][0.903s] GC(1)   Post Evacuate Collection Set: 0.5ms
[2025-04-19T16:04:32.031+0800][0.903s] GC(1)   Other: 0.0ms
[2025-04-19T16:04:32.031+0800][0.903s] GC(1) Eden regions: 55->0(62)
[2025-04-19T16:04:32.031+0800][0.903s] GC(1) Survivor regions: 4->8(8)
[2025-04-19T16:04:32.031+0800][0.903s] GC(1) Old regions: 5->15
[2025-04-19T16:04:32.031+0800][0.903s] GC(1) Humongous regions: 4->4
[2025-04-19T16:04:32.031+0800][0.903s] GC(1) Metaspace: 17923K(18240K)->17923K(18240K) NonClass: 15879K(16064K)->15879K(16064K) Class: 2043K(2176K)->2043K(2176K)
[2025-04-19T16:04:32.032+0800][0.903s] GC(1) Pause Young (Normal) (G1 Evacuation Pause) 66M->25M(512M) 4.021ms
[2025-04-19T16:04:32.032+0800][0.903s] GC(1) User=0.02s Sys=0.00s Real=0.01s
[2025-04-19T16:04:32.124+0800][0.995s] GC(2) Pause Young (Concurrent Start) (Metadata GC Threshold)
[2025-04-19T16:04:32.124+0800][0.995s] GC(2) Using 8 workers of 8 for evacuation
[2025-04-19T16:04:32.126+0800][0.997s] GC(2)   Pre Evacuate Collection Set: 0.2ms
[2025-04-19T16:04:32.126+0800][0.997s] GC(2)   Merge Heap Roots: 0.0ms
[2025-04-19T16:04:32.126+0800][0.997s] GC(2)   Evacuate Collection Set: 1.8ms
[2025-04-19T16:04:32.126+0800][0.997s] GC(2)   Post Evacuate Collection Set: 0.3ms
[2025-04-19T16:04:32.126+0800][0.997s] GC(2)   Other: 0.0ms
[2025-04-19T16:04:32.126+0800][0.997s] GC(2) Eden regions: 18->0(79)
[2025-04-19T16:04:32.126+0800][0.997s] GC(2) Survivor regions: 8->1(9)
[2025-04-19T16:04:32.126+0800][0.997s] GC(2) Old regions: 15->23
[2025-04-19T16:04:32.126+0800][0.997s] GC(2) Humongous regions: 4->4
[2025-04-19T16:04:32.126+0800][0.997s] GC(2) Metaspace: 21198K(21504K)->21198K(21504K) NonClass: 18784K(18944K)->18784K(18944K) Class: 2413K(2560K)->2413K(2560K)
[2025-04-19T16:04:32.126+0800][0.997s] GC(2) Pause Young (Concurrent Start) (Metadata GC Threshold) 42M->26M(512M) 2.437ms
[2025-04-19T16:04:32.126+0800][0.997s] GC(2) User=0.01s Sys=0.00s Real=0.00s
[2025-04-19T16:04:32.126+0800][0.997s] GC(3) Concurrent Mark Cycle
[2025-04-19T16:04:32.126+0800][0.997s] GC(3) Concurrent Scan Root Regions
[2025-04-19T16:04:32.127+0800][0.998s] GC(3) Concurrent Scan Root Regions 0.850ms
[2025-04-19T16:04:32.127+0800][0.998s] GC(3) Concurrent Mark
[2025-04-19T16:04:32.127+0800][0.998s] GC(3) Concurrent Mark From Roots
[2025-04-19T16:04:32.127+0800][0.998s] GC(3) Using 2 workers of 2 for marking
[2025-04-19T16:04:32.131+0800][1.003s] GC(3) Concurrent Mark From Roots 4.567ms
[2025-04-19T16:04:32.131+0800][1.003s] GC(3) Concurrent Preclean
[2025-04-19T16:04:32.131+0800][1.003s] GC(3) Concurrent Preclean 0.020ms
[2025-04-19T16:04:32.132+0800][1.003s] GC(3) Pause Remark
[2025-04-19T16:04:32.133+0800][1.004s] GC(3) Pause Remark 28M->28M(512M) 1.039ms
[2025-04-19T16:04:32.133+0800][1.004s] GC(3) User=0.01s Sys=0.00s Real=0.00s
[2025-04-19T16:04:32.133+0800][1.004s] GC(3) Concurrent Mark 5.776ms
[2025-04-19T16:04:32.133+0800][1.004s] GC(3) Concurrent Rebuild Remembered Sets and Scrub Regions
[2025-04-19T16:04:32.136+0800][1.007s] GC(3) Concurrent Rebuild Remembered Sets and Scrub Regions 3.260ms
[2025-04-19T16:04:32.136+0800][1.007s] GC(3) Pause Cleanup
[2025-04-19T16:04:32.136+0800][1.007s] GC(3) Pause Cleanup 28M->28M(512M) 0.081ms
[2025-04-19T16:04:32.136+0800][1.007s] GC(3) User=0.00s Sys=0.00s Real=0.00s
[2025-04-19T16:04:32.136+0800][1.007s] GC(3) Concurrent Clear Claimed Marks
[2025-04-19T16:04:32.136+0800][1.008s] GC(3) Concurrent Clear Claimed Marks 0.031ms
[2025-04-19T16:04:32.136+0800][1.008s] GC(3) Concurrent Cleanup for Next Mark
[2025-04-19T16:04:32.137+0800][1.008s] GC(3) Concurrent Cleanup for Next Mark 0.498ms
[2025-04-19T16:04:32.137+0800][1.008s] GC(3) Concurrent Mark Cycle 10.681ms
[2025-04-19T16:04:32.782+0800][1.653s] GC(4) Pause Young (Prepare Mixed) (Metadata GC Threshold)
[2025-04-19T16:04:32.782+0800][1.653s] GC(4) Using 8 workers of 8 for evacuation
[2025-04-19T16:04:32.785+0800][1.656s] GC(4)   Pre Evacuate Collection Set: 0.1ms
[2025-04-19T16:04:32.785+0800][1.656s] GC(4)   Merge Heap Roots: 0.1ms
[2025-04-19T16:04:32.785+0800][1.656s] GC(4)   Evacuate Collection Set: 2.0ms
[2025-04-19T16:04:32.785+0800][1.656s] GC(4)   Post Evacuate Collection Set: 0.4ms
[2025-04-19T16:04:32.785+0800][1.656s] GC(4)   Other: 0.0ms
[2025-04-19T16:04:32.785+0800][1.656s] GC(4) Eden regions: 70->0(301)
[2025-04-19T16:04:32.785+0800][1.656s] GC(4) Survivor regions: 1->6(11)
[2025-04-19T16:04:32.785+0800][1.656s] GC(4) Old regions: 23->23
[2025-04-19T16:04:32.785+0800][1.656s] GC(4) Humongous regions: 4->4
[2025-04-19T16:04:32.785+0800][1.656s] GC(4) Metaspace: 35983K(36288K)->35983K(36288K) NonClass: 31890K(32064K)->31890K(32064K) Class: 4092K(4224K)->4092K(4224K)
[2025-04-19T16:04:32.785+0800][1.656s] GC(4) Pause Young (Prepare Mixed) (Metadata GC Threshold) 96M->31M(512M) 2.683ms
[2025-04-19T16:04:32.785+0800][1.656s] GC(4) User=0.01s Sys=0.00s Real=0.00s
[2025-04-19T16:04:32.800+0800][1.672s] GC(5) Pause Young (Mixed) (Metadata GC Threshold)
[2025-04-19T16:04:32.800+0800][1.672s] GC(5) Using 8 workers of 8 for evacuation
[2025-04-19T16:04:32.803+0800][1.674s] GC(5)   Pre Evacuate Collection Set: 0.1ms
[2025-04-19T16:04:32.803+0800][1.674s] GC(5)   Merge Heap Roots: 0.0ms
[2025-04-19T16:04:32.803+0800][1.674s] GC(5)   Evacuate Collection Set: 1.9ms
[2025-04-19T16:04:32.803+0800][1.674s] GC(5)   Post Evacuate Collection Set: 0.2ms
[2025-04-19T16:04:32.803+0800][1.674s] GC(5)   Other: 0.0ms
[2025-04-19T16:04:32.803+0800][1.674s] GC(5) Eden regions: 3->0(301)
[2025-04-19T16:04:32.803+0800][1.674s] GC(5) Survivor regions: 6->6(39)
[2025-04-19T16:04:32.803+0800][1.674s] GC(5) Old regions: 23->22
[2025-04-19T16:04:32.803+0800][1.674s] GC(5) Humongous regions: 4->4
[2025-04-19T16:04:32.803+0800][1.674s] GC(5) Metaspace: 36309K(36608K)->36309K(36608K) NonClass: 32151K(32320K)->32151K(32320K) Class: 4158K(4288K)->4158K(4288K)
[2025-04-19T16:04:32.803+0800][1.674s] GC(5) Pause Young (Mixed) (Metadata GC Threshold) 34M->31M(512M) 2.471ms
[2025-04-19T16:04:32.803+0800][1.674s] GC(5) User=0.01s Sys=0.01s Real=0.00s
[2025-04-19T16:04:32.812+0800][1.683s] GC(6) Pause Young (Concurrent Start) (Metadata GC Threshold)
[2025-04-19T16:04:32.812+0800][1.683s] GC(6) Using 8 workers of 8 for evacuation
[2025-04-19T16:04:32.814+0800][1.685s] GC(6)   Pre Evacuate Collection Set: 0.2ms
[2025-04-19T16:04:32.814+0800][1.685s] GC(6)   Merge Heap Roots: 0.0ms
[2025-04-19T16:04:32.814+0800][1.685s] GC(6)   Evacuate Collection Set: 1.5ms
[2025-04-19T16:04:32.814+0800][1.685s] GC(6)   Post Evacuate Collection Set: 0.3ms
[2025-04-19T16:04:32.814+0800][1.685s] GC(6)   Other: 0.0ms
[2025-04-19T16:04:32.814+0800][1.685s] GC(6) Eden regions: 2->0(301)
[2025-04-19T16:04:32.814+0800][1.685s] GC(6) Survivor regions: 6->6(39)
[2025-04-19T16:04:32.814+0800][1.685s] GC(6) Old regions: 22->22
[2025-04-19T16:04:32.814+0800][1.685s] GC(6) Humongous regions: 4->4
[2025-04-19T16:04:32.814+0800][1.685s] GC(6) Metaspace: 36622K(36928K)->36622K(36928K) NonClass: 32408K(32576K)->32408K(32576K) Class: 4213K(4352K)->4213K(4352K)
[2025-04-19T16:04:32.814+0800][1.685s] GC(6) Pause Young (Concurrent Start) (Metadata GC Threshold) 33M->31M(512M) 2.156ms
[2025-04-19T16:04:32.814+0800][1.685s] GC(7) Concurrent Mark Cycle
[2025-04-19T16:04:32.814+0800][1.685s] GC(6) User=0.01s Sys=0.00s Real=0.00s
[2025-04-19T16:04:32.814+0800][1.685s] GC(7) Concurrent Scan Root Regions
[2025-04-19T16:04:32.815+0800][1.686s] GC(7) Concurrent Scan Root Regions 1.242ms
[2025-04-19T16:04:32.815+0800][1.686s] GC(7) Concurrent Mark
[2025-04-19T16:04:32.815+0800][1.686s] GC(7) Concurrent Mark From Roots
[2025-04-19T16:04:32.815+0800][1.686s] GC(7) Using 2 workers of 2 for marking
[2025-04-19T16:04:32.823+0800][1.695s] GC(7) Concurrent Mark From Roots 8.367ms
[2025-04-19T16:04:32.824+0800][1.695s] GC(7) Concurrent Preclean
[2025-04-19T16:04:32.824+0800][1.695s] GC(7) Concurrent Preclean 0.109ms
[2025-04-19T16:04:32.824+0800][1.696s] GC(7) Pause Remark
[2025-04-19T16:04:32.826+0800][1.697s] GC(7) Pause Remark 33M->33M(512M) 1.777ms
[2025-04-19T16:04:32.826+0800][1.697s] GC(7) User=0.01s Sys=0.00s Real=0.00s
[2025-04-19T16:04:32.826+0800][1.698s] GC(7) Concurrent Mark 11.122ms
[2025-04-19T16:04:32.826+0800][1.698s] GC(7) Concurrent Rebuild Remembered Sets and Scrub Regions
[2025-04-19T16:04:32.829+0800][1.700s] GC(7) Concurrent Rebuild Remembered Sets and Scrub Regions 2.910ms
[2025-04-19T16:04:32.829+0800][1.701s] GC(7) Pause Cleanup
[2025-04-19T16:04:32.829+0800][1.701s] GC(7) Pause Cleanup 34M->34M(512M) 0.095ms
[2025-04-19T16:04:32.829+0800][1.701s] GC(7) User=0.00s Sys=0.00s Real=0.00s
[2025-04-19T16:04:32.829+0800][1.701s] GC(7) Concurrent Clear Claimed Marks
[2025-04-19T16:04:32.829+0800][1.701s] GC(7) Concurrent Clear Claimed Marks 0.037ms
[2025-04-19T16:04:32.829+0800][1.701s] GC(7) Concurrent Cleanup for Next Mark
[2025-04-19T16:04:32.830+0800][1.701s] GC(7) Concurrent Cleanup for Next Mark 0.246ms
[2025-04-19T16:04:32.830+0800][1.701s] GC(7) Concurrent Mark Cycle 15.815ms
[2025-04-19T16:04:55.958+0800][24.829s] GC(8) Pause Young (Prepare Mixed) (G1 Evacuation Pause)
[2025-04-19T16:04:55.961+0800][24.832s] GC(8) Using 8 workers of 8 for evacuation
[2025-04-19T16:04:55.967+0800][24.838s] GC(8)   Pre Evacuate Collection Set: 0.2ms
[2025-04-19T16:04:55.967+0800][24.838s] GC(8)   Merge Heap Roots: 0.1ms
[2025-04-19T16:04:55.967+0800][24.838s] GC(8)   Evacuate Collection Set: 5.0ms
[2025-04-19T16:04:55.967+0800][24.838s] GC(8)   Post Evacuate Collection Set: 0.6ms
[2025-04-19T16:04:55.967+0800][24.838s] GC(8)   Other: 0.1ms
[2025-04-19T16:04:55.967+0800][24.838s] GC(8) Eden regions: 301->0(287)
[2025-04-19T16:04:55.967+0800][24.838s] GC(8) Survivor regions: 6->20(39)
[2025-04-19T16:04:55.967+0800][24.838s] GC(8) Old regions: 22->22
[2025-04-19T16:04:55.967+0800][24.838s] GC(8) Humongous regions: 8->7
[2025-04-19T16:04:55.967+0800][24.838s] GC(8) Metaspace: 51782K(52224K)->51782K(52224K) NonClass: 45697K(45952K)->45697K(45952K) Class: 6084K(6272K)->6084K(6272K)
[2025-04-19T16:04:55.967+0800][24.838s] GC(8) Pause Young (Prepare Mixed) (G1 Evacuation Pause) 336M->48M(512M) 8.653ms
[2025-04-19T16:04:55.967+0800][24.838s] GC(8) User=0.04s Sys=0.01s Real=0.01s
[2025-04-19T16:08:33.755+0800][242.624s] GC(9) Pause Young (Mixed) (G1 Evacuation Pause)
[2025-04-19T16:08:33.756+0800][242.626s] GC(9) Using 8 workers of 8 for evacuation
[2025-04-19T16:08:33.760+0800][242.630s] GC(9)   Pre Evacuate Collection Set: 0.2ms
[2025-04-19T16:08:33.760+0800][242.630s] GC(9)   Merge Heap Roots: 0.1ms
[2025-04-19T16:08:33.760+0800][242.630s] GC(9)   Evacuate Collection Set: 3.5ms
[2025-04-19T16:08:33.760+0800][242.630s] GC(9)   Post Evacuate Collection Set: 0.5ms
[2025-04-19T16:08:33.760+0800][242.630s] GC(9)   Other: 0.1ms
[2025-04-19T16:08:33.760+0800][242.630s] GC(9) Eden regions: 287->0(286)
[2025-04-19T16:08:33.760+0800][242.630s] GC(9) Survivor regions: 20->21(39)
[2025-04-19T16:08:33.760+0800][242.630s] GC(9) Old regions: 22->22
[2025-04-19T16:08:33.760+0800][242.630s] GC(9) Humongous regions: 7->7
[2025-04-19T16:08:33.760+0800][242.630s] GC(9) Metaspace: 52890K(53312K)->52890K(53312K) NonClass: 46675K(46912K)->46675K(46912K) Class: 6214K(6400K)->6214K(6400K)
[2025-04-19T16:08:33.760+0800][242.630s] GC(9) Pause Young (Mixed) (G1 Evacuation Pause) 335M->48M(512M) 5.515ms
[2025-04-19T16:08:33.761+0800][242.630s] GC(9) User=0.03s Sys=0.00s Real=0.01s
[2025-04-19T16:23:42.694+0800][1151.637s] GC(10) Pause Young (Normal) (G1 Evacuation Pause)
[2025-04-19T16:23:42.695+0800][1151.638s] GC(10) Using 8 workers of 8 for evacuation
[2025-04-19T16:23:42.710+0800][1151.653s] GC(10)   Pre Evacuate Collection Set: 0.3ms
[2025-04-19T16:23:42.710+0800][1151.653s] GC(10)   Merge Heap Roots: 0.1ms
[2025-04-19T16:23:42.710+0800][1151.653s] GC(10)   Evacuate Collection Set: 13.6ms
[2025-04-19T16:23:42.710+0800][1151.653s] GC(10)   Post Evacuate Collection Set: 0.7ms
[2025-04-19T16:23:42.710+0800][1151.653s] GC(10)   Other: 0.1ms
[2025-04-19T16:23:42.710+0800][1151.653s] GC(10) Eden regions: 286->0(287)
[2025-04-19T16:23:42.710+0800][1151.653s] GC(10) Survivor regions: 21->20(39)
[2025-04-19T16:23:42.710+0800][1151.653s] GC(10) Old regions: 22->22
[2025-04-19T16:23:42.710+0800][1151.653s] GC(10) Humongous regions: 7->7
[2025-04-19T16:23:42.710+0800][1151.653s] GC(10) Metaspace: 52998K(53440K)->52998K(53440K) NonClass: 46782K(47040K)->46782K(47040K) Class: 6215K(6400K)->6215K(6400K)
[2025-04-19T16:23:42.710+0800][1151.653s] GC(10) Pause Young (Normal) (G1 Evacuation Pause) 334M->48M(512M) 16.340ms
[2025-04-19T16:23:42.710+0800][1151.653s] GC(10) User=0.03s Sys=0.05s Real=0.02s
[2025-04-19T16:27:17.664+0800][1366.610s] GC(11) Pause Young (Normal) (G1 Evacuation Pause)
[2025-04-19T16:27:17.664+0800][1366.611s] GC(11) Using 8 workers of 8 for evacuation
[2025-04-19T16:27:17.673+0800][1366.619s] GC(11)   Pre Evacuate Collection Set: 0.2ms
[2025-04-19T16:27:17.673+0800][1366.619s] GC(11)   Merge Heap Roots: 0.1ms
[2025-04-19T16:27:17.673+0800][1366.619s] GC(11)   Evacuate Collection Set: 7.6ms
[2025-04-19T16:27:17.673+0800][1366.619s] GC(11)   Post Evacuate Collection Set: 0.6ms
[2025-04-19T16:27:17.673+0800][1366.619s] GC(11)   Other: 0.1ms
[2025-04-19T16:27:17.673+0800][1366.619s] GC(11) Eden regions: 287->0(287)
[2025-04-19T16:27:17.673+0800][1366.619s] GC(11) Survivor regions: 20->20(39)
[2025-04-19T16:27:17.673+0800][1366.619s] GC(11) Old regions: 22->22
[2025-04-19T16:27:17.673+0800][1366.619s] GC(11) Humongous regions: 7->7
[2025-04-19T16:27:17.673+0800][1366.619s] GC(11) Metaspace: 53081K(53504K)->53081K(53504K) NonClass: 46866K(47104K)->46866K(47104K) Class: 6215K(6400K)->6215K(6400K)
[2025-04-19T16:27:17.673+0800][1366.619s] GC(11) Pause Young (Normal) (G1 Evacuation Pause) 335M->47M(512M) 9.066ms
[2025-04-19T16:27:17.673+0800][1366.619s] GC(11) User=0.03s Sys=0.01s Real=0.01s
[2025-04-19T16:32:11.246+0800][1660.196s] GC(12) Pause Young (Normal) (G1 Evacuation Pause)
[2025-04-19T16:32:11.247+0800][1660.197s] GC(12) Using 8 workers of 8 for evacuation
[2025-04-19T16:32:11.252+0800][1660.202s] GC(12)   Pre Evacuate Collection Set: 0.2ms
[2025-04-19T16:32:11.252+0800][1660.202s] GC(12)   Merge Heap Roots: 0.1ms
[2025-04-19T16:32:11.252+0800][1660.202s] GC(12)   Evacuate Collection Set: 4.3ms
[2025-04-19T16:32:11.252+0800][1660.202s] GC(12)   Post Evacuate Collection Set: 0.5ms
[2025-04-19T16:32:11.252+0800][1660.202s] GC(12)   Other: 0.1ms
[2025-04-19T16:32:11.252+0800][1660.202s] GC(12) Eden regions: 287->0(288)
[2025-04-19T16:32:11.252+0800][1660.202s] GC(12) Survivor regions: 20->19(39)
[2025-04-19T16:32:11.252+0800][1660.202s] GC(12) Old regions: 22->22
[2025-04-19T16:32:11.252+0800][1660.202s] GC(12) Humongous regions: 7->7
[2025-04-19T16:32:11.252+0800][1660.202s] GC(12) Metaspace: 53198K(53632K)->53198K(53632K) NonClass: 46983K(47232K)->46983K(47232K) Class: 6215K(6400K)->6215K(6400K)
[2025-04-19T16:32:11.252+0800][1660.203s] GC(12) Pause Young (Normal) (G1 Evacuation Pause) 334M->47M(512M) 6.348ms
[2025-04-19T16:32:11.252+0800][1660.203s] GC(12) User=0.02s Sys=0.01s Real=0.01s
[2025-04-19T16:38:22.236+0800][2031.192s] Heap
[2025-04-19T16:38:22.236+0800][2031.192s]  garbage-first heap   total 524288K, used 324895K [0x00000007e0000000, 0x0000000800000000)
[2025-04-19T16:38:22.236+0800][2031.192s]   region size 1024K, 289 young (295936K), 19 survivors (19456K)
[2025-04-19T16:38:22.236+0800][2031.192s]  Metaspace       used 53606K, committed 54080K, reserved 1114112K
[2025-04-19T16:38:22.236+0800][2031.192s]   class space    used 6265K, committed 6464K, reserved 1048576K
